Loading required modules...
=================================================================
=== Batch & Memory Calibration Sweep on 1 GPU (3053431) ===
=================================================================
Loading required modules...
=== Building Batch Memory Benchmark ===
-- Found MPI: TRUE (found version "3.1") found components: CXX
WITH_SMARTSIM: ON
WITH_AIX: ON
AIX_USE_PREBUILT: ON
WITH_PHYDLL: ON
WITH_TORCH: ON
WITH_TENSORFLOW: OFF
WITH_ONNX: OFF
Using SmartRedis directory: /rwthfs/rz/cluster/hpcwork/ro092286/smartsim/CPP-ML-Interface/extern/SmartRedis
Using AIXelerator directory: /rwthfs/rz/cluster/hpcwork/ro092286/smartsim/CPP-ML-Interface/extern/AIxeleratorService
-- Found MPI: TRUE (found version "3.1")
-- MPI found: /cvmfs/software.hpc.rwth.de/Linux/RH9/x86_64/intel/sapphirerapids/software/OpenMPI/4.1.4-GCC-11.3.0/bin/mpicxx
-- AIXelerator support enabled.
-- AIxelerator backend flags: WITH_TORCH=ON, WITH_TENSORFLOW=OFF, WITH_ONNX=OFF
-- Caffe2: CUDA detected: 12.4
-- Caffe2: CUDA nvcc is: /cvmfs/software.hpc.rwth.de/Linux/RH9/x86_64/intel/sapphirerapids/software/CUDA/12.4.0/bin/nvcc
-- Caffe2: CUDA toolkit directory: /cvmfs/software.hpc.rwth.de/Linux/RH9/x86_64/intel/sapphirerapids/software/CUDA/12.4.0
-- Caffe2: Header version is: 12.4
-- /cvmfs/software.hpc.rwth.de/Linux/RH9/x86_64/intel/sapphirerapids/software/CUDA/12.4.0/lib/libnvrtc.so shorthash is 53a95926
-- USE_CUDNN is set to 0. Compiling without cuDNN support
-- USE_CUSPARSELT is set to 0. Compiling without cuSPARSELt support
-- Autodetected CUDA architecture(s):  9.0
-- Added CUDA NVCC flags for: -gencode;arch=compute_90,code=sm_90
-- Torch found; building DL client with libtorch.
CMake Warning at /rwthfs/rz/cluster/hpcwork/ro092286/smartsim/CPP-ML-Interface/CMakeLists.txt:361 (message):
  No Python executable found; skipping test_provider_inference.  Set
  -DTEST_PYTHON_EXECUTABLE=/path/to/python3 to enable it.


-- Configuring done (3.4s)
-- Generating done (0.6s)
-- Build files have been written to: /rwthfs/rz/cluster/hpcwork/ro092286/smartsim/batch_memory_benchmark/build
[ 20%] Built target benchmark_registry
[ 60%] Built target cpp_ml_interface_library
[ 80%] Building CXX object CMakeFiles/fake_solver.dir/src/fake_solver.cpp.o
[100%] Linking CXX executable fake_solver
[100%] Built target fake_solver
=== Build Complete: /rwthfs/rz/cluster/hpcwork/ro092286/smartsim/batch_memory_benchmark/build/fake_solver ===

>>> Running Provider: smartsim | Batch Size: 100000 <<<
=================================================================
=== Running Case: smartsim | Batch: 100000 | ID: 3053431_smartsim_b100000 ===
=================================================================
Starting SmartSim Redis DB on port 6819...
=================================================================
=== CMI Batch & Memory Calibration Benchmark Harness          ===
=================================================================
Provider:           smartsim
Config:             /rwthfs/rz/cluster/hpcwork/ro092286/smartsim/batch_memory_benchmark/configs/smartsim.toml
Model Path:         /rwthfs/rz/cluster/hpcwork/ro092286/smartsim/batch_memory_benchmark/../mini_app/train_models/model_a/watercnn_cuda.pt
Solver Ranks:       20 (World size: 20)
Samples per Rank:   100000
Total Work/Step:    2000000 samples
Target Batch Size:  100000
SmartSim Min Batch: 100000 (timeout=1000 ms)
Total Steps:        12 (Warmup: 2)
=================================================================

SmartRedis Library@19-18-48:WARNING: Environment variable SR_LOG_FILE is not set. Defaulting to stdout
SmartRedis Library@19-18-48:WARNING: Environment variable SR_LOG_LEVEL is not set. Defaulting to INFO
SmartRedis Library@19-18-48:WARNING: Environment variable SR_LOG_FILE is not set. Defaulting to stdout
SmartRedis Library@19-18-48:WARNING: Environment variable SR_LOG_LEVEL is not set. Defaulting to INFO
SmartRedis Library@19-18-48:WARNING: Environment variable SR_LOG_FILE is not set. Defaulting to stdout
SmartRedis Library@19-18-48:WARNING: Environment variable SR_LOG_LEVEL is not set. Defaulting to INFO
SmartRedis Library@19-18-48:WARNING: Environment variable SR_LOG_FILE is not set. Defaulting to stdout
SmartRedis Library@19-18-48:WARNING: Environment variable SR_LOG_LEVEL is not set. Defaulting to INFO
SmartRedis Library@19-18-48:WARNING: Environment variable SR_LOG_FILE is not set. Defaulting to stdout
SmartRedis Library@19-18-48:WARNING: Environment variable SR_LOG_LEVEL is not set. Defaulting to INFO
SmartRedis Library@19-18-48:WARNING: Environment variable SR_LOG_FILE is not set. Defaulting to stdout
SmartRedis Library@19-18-48:WARNING: Environment variable SR_LOG_LEVEL is not set. Defaulting to INFO
SmartRedis Library@19-18-48:WARNING: Environment variable SR_LOG_FILE is not set. Defaulting to stdout
SmartRedis Library@19-18-48:WARNING: Environment variable SR_LOG_LEVEL is not set. Defaulting to INFO
SmartRedis Library@19-18-48:WARNING: Environment variable SR_LOG_FILE is not set. Defaulting to stdout
SmartRedis Library@19-18-48:WARNING: Environment variable SR_LOG_LEVEL is not set. Defaulting to INFO
SmartRedis Library@19-18-48:WARNING: Environment variable SR_LOG_FILE is not set. Defaulting to stdout
SmartRedis Library@19-18-48:WARNING: Environment variable SR_LOG_LEVEL is not set. Defaulting to INFO
SmartRedis Library@19-18-48:WARNING: Environment variable SR_LOG_FILE is not set. Defaulting to stdout
SmartRedis Library@19-18-48:WARNING: Environment variable SR_LOG_LEVEL is not set. Defaulting to INFO
SmartRedis Library@19-18-48:WARNING: Environment variable SR_LOG_FILE is not set. Defaulting to stdout
SmartRedis Library@19-18-48:WARNING: Environment variable SR_LOG_FILE is not set. Defaulting to stdout
SmartRedis Library@19-18-48:WARNING: Environment variable SR_LOG_LEVEL is not set. Defaulting to INFO
SmartRedis Library@19-18-48:WARNING: Environment variable SR_LOG_LEVEL is not set. Defaulting to INFO
SmartRedis Library@19-18-48:WARNING: Environment variable SR_LOG_FILE is not set. Defaulting to stdout
SmartRedis Library@19-18-48:WARNING: Environment variable SR_LOG_LEVEL is not set. Defaulting to INFO
SmartRedis Library@19-18-48:WARNING: Environment variable SR_LOG_FILE is not set. Defaulting to stdout
SmartRedis Library@19-18-48:WARNING: Environment variable SR_LOG_LEVEL is not set. Defaulting to INFO
SmartRedis Library@19-18-48:WARNING: Environment variable SR_LOG_FILE is not set. Defaulting to stdout
SmartRedis Library@19-18-48:WARNING: Environment variable SR_LOG_FILE is not set. Defaulting to stdout
SmartRedis Library@19-18-48:WARNING: Environment variable SR_LOG_LEVEL is not set. Defaulting to INFO
SmartRedis Library@19-18-48:WARNING: Environment variable SR_LOG_LEVEL is not set. Defaulting to INFO
SmartRedis Library@19-18-48:WARNING: Environment variable SR_LOG_FILE is not set. Defaulting to stdout
SmartRedis Library@19-18-48:WARNING: Environment variable SR_LOG_LEVEL is not set. Defaulting to INFO
SmartRedis Library@19-18-48:WARNING: Environment variable SR_LOG_FILE is not set. Defaulting to stdout
SmartRedis Library@19-18-48:WARNING: Environment variable SR_LOG_LEVEL is not set. Defaulting to INFO
SmartRedis Library@19-18-48:WARNING: Environment variable SR_LOG_FILE is not set. Defaulting to stdout
SmartRedis Library@19-18-48:WARNING: Environment variable SR_LOG_LEVEL is not set. Defaulting to INFO
SmartRedis Library@19-18-48:WARNING: Environment variable SR_LOG_FILE is not set. Defaulting to stdout
SmartRedis Library@19-18-48:WARNING: Environment variable SR_LOG_LEVEL is not set. Defaulting to INFO
solver_0@19-18-48:ERROR: Redis IO error when executing command: Failed to get reply: Resource temporarily unavailable, err: 1, errno: 11
solver_0@19-18-49:ERROR: Redis IO error when executing command: Failed to get reply: Resource temporarily unavailable, err: 1, errno: 11
solver_0@19-18-51:ERROR: Redis IO error when executing command: Failed to get reply: Resource temporarily unavailable, err: 1, errno: 11
solver_0@19-18-52:ERROR: Redis IO error when executing command: Failed to get reply: Resource temporarily unavailable, err: 1, errno: 11
solver_0@19-18-53:ERROR: Redis IO error when executing command: Failed to get reply: Resource temporarily unavailable, err: 1, errno: 11
solver_0@19-18-54:ERROR: Redis IO error when executing command: Failed to get reply: Resource temporarily unavailable, err: 1, errno: 11
solver_0@19-18-56:ERROR: Redis IO error when executing command: Failed to get reply: Resource temporarily unavailable, err: 1, errno: 11
solver_0@19-18-57:ERROR: Redis IO error when executing command: Failed to get reply: Resource temporarily unavailable, err: 1, errno: 11
solver_0@19-18-58:ERROR: Redis IO error when executing command: Failed to get reply: Resource temporarily unavailable, err: 1, errno: 11
solver_0@19-18-59:ERROR: Redis IO error when executing command: Failed to get reply: Resource temporarily unavailable, err: 1, errno: 11
solver_0@19-19-01:ERROR: Redis IO error when executing command: Failed to get reply: Resource temporarily unavailable, err: 1, errno: 11
solver_0@19-19-02:ERROR: Redis IO error when executing command: Failed to get reply: Resource temporarily unavailable, err: 1, errno: 11
solver_0@19-19-03:ERROR: Redis IO error when executing command: Failed to get reply: Resource temporarily unavailable, err: 1, errno: 11
solver_0@19-19-04:ERROR: Redis IO error when executing command: Failed to get reply: Resource temporarily unavailable, err: 1, errno: 11
solver_0@19-19-06:ERROR: Redis IO error when executing command: Failed to get reply: Resource temporarily unavailable, err: 1, errno: 11
solver_0@19-19-07:ERROR: Redis IO error when executing command: Failed to get reply: Resource temporarily unavailable, err: 1, errno: 11
solver_0@19-19-08:ERROR: Redis IO error when executing command: Failed to get reply: Resource temporarily unavailable, err: 1, errno: 11
solver_0@19-19-10:ERROR: Redis IO error when executing command: Failed to get reply: Resource temporarily unavailable, err: 1, errno: 11
solver_0@19-19-11:ERROR: Redis IO error when executing command: Failed to get reply: Resource temporarily unavailable, err: 1, errno: 11
solver_0@19-19-12:ERROR: Redis IO error when executing command: Failed to get reply: Resource temporarily unavailable, err: 1, errno: 11
solver_0@19-19-13:ERROR: Redis IO error when executing command: Failed to get reply: Resource temporarily unavailable, err: 1, errno: 11
CMI initialized successfully. Starting benchmark steps...

[DEBUG] Write these tensors to SmartSim:
[DEBUG]   Tensor 0{dtype=Float, layout=Contiguous, ownership=External, shape=[100000, 18]}
DEBUG: put_tensor input_0_0 dims=[100000,18]
[DEBUG] Input tensor names sent to SmartSim:
[DEBUG]   input_0_0
[DEBUG] Output tensor names expected from SmartSim:
[DEBUG]   output_0_0
DEBUG: put_tensor input_16_0 dims=[100000,18]
DEBUG: put_tensor input_15_0 dims=[100000,18]
DEBUG: put_tensor input_4_0 dims=[100000,18]
DEBUG: put_tensor input_5_0 dims=[100000,18]
DEBUG: put_tensor input_19_0 dims=[100000,18]
DEBUG: put_tensor input_12_0 dims=[100000,18]
DEBUG: put_tensor input_3_0 dims=[100000,18]
DEBUG: put_tensor input_7_0 dims=[100000,18]
DEBUG: put_tensor input_14_0 dims=[100000,18]
DEBUG: put_tensor input_18_0 dims=[100000,18]
DEBUG: put_tensor input_9_0 dims=[100000,18]
DEBUG: put_tensor input_1_0 dims=[100000,18]
DEBUG: put_tensor input_2_0 dims=[100000,18]
DEBUG: put_tensor input_8_0 dims=[100000,18]
DEBUG: put_tensor input_17_0 dims=[100000,18]
DEBUG: put_tensor input_6_0 dims=[100000,18]
DEBUG: put_tensor input_11_0 dims=[100000,18]
DEBUG: put_tensor input_10_0 dims=[100000,18]
DEBUG: put_tensor input_13_0 dims=[100000,18]
solver_0@19-19-15:ERROR: Redis IO error when executing command: Failed to get reply: Resource temporarily unavailable, err: 1, errno: 11
solver_16@19-19-15:ERROR: Redis IO error when executing command: Failed to get reply: Resource temporarily unavailable, err: 1, errno: 11
solver_15@19-19-15:ERROR: Redis IO error when executing command: Failed to get reply: Resource temporarily unavailable, err: 1, errno: 11
solver_4@19-19-15:ERROR: Redis IO error when executing command: Failed to get reply: Resource temporarily unavailable, err: 1, errno: 11
solver_5@19-19-15:ERROR: Redis IO error when executing command: Failed to get reply: Resource temporarily unavailable, err: 1, errno: 11
solver_18@19-19-15:ERROR: Redis IO error when executing command: Failed to get reply: Resource temporarily unavailable, err: 1, errno: 11
solver_12@19-19-15:ERROR: Redis IO error when executing command: Failed to get reply: Resource temporarily unavailable, err: 1, errno: 11
solver_19@19-19-15:ERROR: Redis IO error when executing command: Failed to get reply: Resource temporarily unavailable, err: 1, errno: 11
solver_14@19-19-15:ERROR: Redis IO error when executing command: Failed to get reply: Resource temporarily unavailable, err: 1, errno: 11
solver_7@19-19-15:ERROR: Redis IO error when executing command: Failed to get reply: Resource temporarily unavailable, err: 1, errno: 11
solver_9@19-19-15:ERROR: Redis IO error when executing command: Failed to get reply: Resource temporarily unavailable, err: 1, errno: 11
solver_3@19-19-15:ERROR: Redis IO error when executing command: Failed to get reply: Resource temporarily unavailable, err: 1, errno: 11
solver_1@19-19-15:ERROR: Redis IO error when executing command: Failed to get reply: Resource temporarily unavailable, err: 1, errno: 11
solver_10@19-19-15:ERROR: Redis IO error when executing command: Failed to get reply: Resource temporarily unavailable, err: 1, errno: 11
solver_17@19-19-15:ERROR: Redis IO error when executing command: Failed to get reply: Resource temporarily unavailable, err: 1, errno: 11
solver_6@19-19-15:ERROR: Redis IO error when executing command: Failed to get reply: Resource temporarily unavailable, err: 1, errno: 11
solver_11@19-19-15:ERROR: Redis IO error when executing command: Failed to get reply: Resource temporarily unavailable, err: 1, errno: 11
solver_8@19-19-15:ERROR: Redis IO error when executing command: Failed to get reply: Resource temporarily unavailable, err: 1, errno: 11
solver_13@19-19-15:ERROR: Redis IO error when executing command: Failed to get reply: Resource temporarily unavailable, err: 1, errno: 11
solver_2@19-19-15:ERROR: Redis IO error when executing command: Failed to get reply: Resource temporarily unavailable, err: 1, errno: 11
solver_0@19-19-16:ERROR: Redis IO error when executing command: Failed to get reply: Resource temporarily unavailable, err: 1, errno: 11
solver_16@19-19-16:ERROR: Redis IO error when executing command: Failed to get reply: Resource temporarily unavailable, err: 1, errno: 11
solver_15@19-19-16:ERROR: Redis IO error when executing command: Failed to get reply: Resource temporarily unavailable, err: 1, errno: 11
solver_5@19-19-16:ERROR: Redis IO error when executing command: Failed to get reply: Resource temporarily unavailable, err: 1, errno: 11
solver_4@19-19-16:ERROR: Redis IO error when executing command: Failed to get reply: Resource temporarily unavailable, err: 1, errno: 11
solver_18@19-19-16:ERROR: Redis IO error when executing command: Failed to get reply: Resource temporarily unavailable, err: 1, errno: 11
solver_19@19-19-16:ERROR: Redis IO error when executing command: Failed to get reply: Resource temporarily unavailable, err: 1, errno: 11
solver_14@19-19-16:ERROR: Redis IO error when executing command: Failed to get reply: Resource temporarily unavailable, err: 1, errno: 11
solver_12@19-19-16:ERROR: Redis IO error when executing command: Failed to get reply: Resource temporarily unavailable, err: 1, errno: 11
solver_9@19-19-16:ERROR: Redis IO error when executing command: Failed to get reply: Resource temporarily unavailable, err: 1, errno: 11
solver_1@19-19-16:ERROR: Redis IO error when executing command: Failed to get reply: Resource temporarily unavailable, err: 1, errno: 11
solver_3@19-19-16:ERROR: Redis IO error when executing command: Failed to get reply: Resource temporarily unavailable, err: 1, errno: 11
solver_7@19-19-16:ERROR: Redis IO error when executing command: Failed to get reply: Resource temporarily unavailable, err: 1, errno: 11
solver_11@19-19-16:ERROR: Redis IO error when executing command: Failed to get reply: Resource temporarily unavailable, err: 1, errno: 11
solver_8@19-19-16:ERROR: Redis IO error when executing command: Failed to get reply: Resource temporarily unavailable, err: 1, errno: 11
solver_10@19-19-16:ERROR: Redis IO error when executing command: Failed to get reply: Resource temporarily unavailable, err: 1, errno: 11
solver_17@19-19-16:ERROR: Redis IO error when executing command: Failed to get reply: Resource temporarily unavailable, err: 1, errno: 11
solver_2@19-19-16:ERROR: Redis IO error when executing command: Failed to get reply: Resource temporarily unavailable, err: 1, errno: 11
solver_13@19-19-16:ERROR: Redis IO error when executing command: Failed to get reply: Resource temporarily unavailable, err: 1, errno: 11
solver_6@19-19-16:ERROR: Redis IO error when executing command: Failed to get reply: Resource temporarily unavailable, err: 1, errno: 11
solver_0@19-19-17:ERROR: Redis IO error when executing command: Failed to get reply: Resource temporarily unavailable, err: 1, errno: 11
solver_16@19-19-17:ERROR: Redis IO error when executing command: Failed to get reply: Resource temporarily unavailable, err: 1, errno: 11
solver_15@19-19-17:ERROR: Redis IO error when executing command: Failed to get reply: Resource temporarily unavailable, err: 1, errno: 11
solver_4@19-19-17:ERROR: Redis IO error when executing command: Failed to get reply: Resource temporarily unavailable, err: 1, errno: 11
solver_5@19-19-17:ERROR: Redis IO error when executing command: Failed to get reply: Resource temporarily unavailable, err: 1, errno: 11
solver_18@19-19-17:ERROR: Redis IO error when executing command: Failed to get reply: Resource temporarily unavailable, err: 1, errno: 11
solver_12@19-19-17:ERROR: Redis IO error when executing command: Failed to get reply: Resource temporarily unavailable, err: 1, errno: 11
solver_19@19-19-17:ERROR: Redis IO error when executing command: Failed to get reply: Resource temporarily unavailable, err: 1, errno: 11
solver_14@19-19-17:ERROR: Redis IO error when executing command: Failed to get reply: Resource temporarily unavailable, err: 1, errno: 11
solver_9@19-19-17:ERROR: Redis IO error when executing command: Failed to get reply: Resource temporarily unavailable, err: 1, errno: 11
solver_3@19-19-17:ERROR: Redis IO error when executing command: Failed to get reply: Resource temporarily unavailable, err: 1, errno: 11
solver_7@19-19-17:ERROR: Redis IO error when executing command: Failed to get reply: Resource temporarily unavailable, err: 1, errno: 11
solver_1@19-19-17:ERROR: Redis IO error when executing command: Failed to get reply: Resource temporarily unavailable, err: 1, errno: 11
solver_13@19-19-17:ERROR: Redis IO error when executing command: Failed to get reply: Resource temporarily unavailable, err: 1, errno: 11
solver_11@19-19-17:ERROR: Redis IO error when executing command: Failed to get reply: Resource temporarily unavailable, err: 1, errno: 11
solver_8@19-19-17:ERROR: Redis IO error when executing command: Failed to get reply: Resource temporarily unavailable, err: 1, errno: 11
solver_10@19-19-17:ERROR: Redis IO error when executing command: Failed to get reply: Resource temporarily unavailable, err: 1, errno: 11
solver_17@19-19-17:ERROR: Redis IO error when executing command: Failed to get reply: Resource temporarily unavailable, err: 1, errno: 11
solver_2@19-19-17:ERROR: Redis IO error when executing command: Failed to get reply: Resource temporarily unavailable, err: 1, errno: 11
solver_6@19-19-17:ERROR: Redis IO error when executing command: Failed to get reply: Resource temporarily unavailable, err: 1, errno: 11
solver_0@19-19-19:ERROR: Redis IO error when executing command: Failed to get reply: Resource temporarily unavailable, err: 1, errno: 11
solver_16@19-19-19:ERROR: Redis IO error when executing command: Failed to get reply: Resource temporarily unavailable, err: 1, errno: 11
solver_15@19-19-19:ERROR: Redis IO error when executing command: Failed to get reply: Resource temporarily unavailable, err: 1, errno: 11
solver_5@19-19-19:ERROR: Redis IO error when executing command: Failed to get reply: Resource temporarily unavailable, err: 1, errno: 11
solver_4@19-19-19:ERROR: Redis IO error when executing command: Failed to get reply: Resource temporarily unavailable, err: 1, errno: 11
solver_18@19-19-19:ERROR: Redis IO error when executing command: Failed to get reply: Resource temporarily unavailable, err: 1, errno: 11
solver_12@19-19-19:ERROR: Redis IO error when executing command: Failed to get reply: Resource temporarily unavailable, err: 1, errno: 11
solver_19@19-19-19:ERROR: Redis IO error when executing command: Failed to get reply: Resource temporarily unavailable, err: 1, errno: 11
solver_14@19-19-19:ERROR: Redis IO error when executing command: Failed to get reply: Resource temporarily unavailable, err: 1, errno: 11
solver_7@19-19-19:ERROR: Redis IO error when executing command: Failed to get reply: Resource temporarily unavailable, err: 1, errno: 11
solver_9@19-19-19:ERROR: Redis IO error when executing command: Failed to get reply: Resource temporarily unavailable, err: 1, errno: 11
solver_1@19-19-19:ERROR: Redis IO error when executing command: Failed to get reply: Resource temporarily unavailable, err: 1, errno: 11
solver_3@19-19-19:ERROR: Redis IO error when executing command: Failed to get reply: Resource temporarily unavailable, err: 1, errno: 11
solver_11@19-19-19:ERROR: Redis IO error when executing command: Failed to get reply: Resource temporarily unavailable, err: 1, errno: 11
solver_8@19-19-19:ERROR: Redis IO error when executing command: Failed to get reply: Resource temporarily unavailable, err: 1, errno: 11
solver_10@19-19-19:ERROR: Redis IO error when executing command: Failed to get reply: Resource temporarily unavailable, err: 1, errno: 11
solver_17@19-19-19:ERROR: Redis IO error when executing command: Failed to get reply: Resource temporarily unavailable, err: 1, errno: 11
solver_2@19-19-19:ERROR: Redis IO error when executing command: Failed to get reply: Resource temporarily unavailable, err: 1, errno: 11
solver_6@19-19-19:ERROR: Redis IO error when executing command: Failed to get reply: Resource temporarily unavailable, err: 1, errno: 11
solver_13@19-19-19:ERROR: Redis IO error when executing command: Failed to get reply: Resource temporarily unavailable, err: 1, errno: 11
solver_0@19-19-20:ERROR: Redis IO error when executing command: Failed to get reply: Resource temporarily unavailable, err: 1, errno: 11
solver_16@19-19-20:ERROR: Redis IO error when executing command: Failed to get reply: Resource temporarily unavailable, err: 1, errno: 11
solver_15@19-19-20:ERROR: Redis IO error when executing command: Failed to get reply: Resource temporarily unavailable, err: 1, errno: 11
solver_5@19-19-20:ERROR: Redis IO error when executing command: Failed to get reply: Resource temporarily unavailable, err: 1, errno: 11
solver_4@19-19-20:ERROR: Redis IO error when executing command: Failed to get reply: Resource temporarily unavailable, err: 1, errno: 11
solver_9@19-19-20:ERROR: Redis IO error when executing command: Failed to get reply: Resource temporarily unavailable, err: 1, errno: 11
solver_18@19-19-20:ERROR: Redis IO error when executing command: Failed to get reply: Resource temporarily unavailable, err: 1, errno: 11
solver_12@19-19-20:ERROR: Redis IO error when executing command: Failed to get reply: Resource temporarily unavailable, err: 1, errno: 11
solver_14@19-19-20:ERROR: Redis IO error when executing command: Failed to get reply: Resource temporarily unavailable, err: 1, errno: 11
solver_7@19-19-20:ERROR: Redis IO error when executing command: Failed to get reply: Resource temporarily unavailable, err: 1, errno: 11
solver_3@19-19-20:ERROR: Redis IO error when executing command: Failed to get reply: Resource temporarily unavailable, err: 1, errno: 11
solver_19@19-19-20:ERROR: Redis IO error when executing command: Failed to get reply: Resource temporarily unavailable, err: 1, errno: 11
solver_1@19-19-20:ERROR: Redis IO error when executing command: Failed to get reply: Resource temporarily unavailable, err: 1, errno: 11
solver_8@19-19-20:ERROR: Redis IO error when executing command: Failed to get reply: Resource temporarily unavailable, err: 1, errno: 11
solver_10@19-19-20:ERROR: Redis IO error when executing command: Failed to get reply: Resource temporarily unavailable, err: 1, errno: 11
solver_13@19-19-20:ERROR: Redis IO error when executing command: Failed to get reply: Resource temporarily unavailable, err: 1, errno: 11
solver_17@19-19-20:ERROR: Redis IO error when executing command: Failed to get reply: Resource temporarily unavailable, err: 1, errno: 11
solver_11@19-19-20:ERROR: Redis IO error when executing command: Failed to get reply: Resource temporarily unavailable, err: 1, errno: 11
solver_2@19-19-20:ERROR: Redis IO error when executing command: Failed to get reply: Resource temporarily unavailable, err: 1, errno: 11
solver_6@19-19-20:ERROR: Redis IO error when executing command: Failed to get reply: Resource temporarily unavailable, err: 1, errno: 11
solver_0@19-19-21:ERROR: Redis IO error when executing command: Failed to get reply: Resource temporarily unavailable, err: 1, errno: 11
solver_16@19-19-21:ERROR: Redis IO error when executing command: Failed to get reply: Resource temporarily unavailable, err: 1, errno: 11
solver_15@19-19-21:ERROR: Redis IO error when executing command: Failed to get reply: Resource temporarily unavailable, err: 1, errno: 11
solver_5@19-19-21:ERROR: Redis IO error when executing command: Failed to get reply: Resource temporarily unavailable, err: 1, errno: 11
solver_4@19-19-21:ERROR: Redis IO error when executing command: Failed to get reply: Resource temporarily unavailable, err: 1, errno: 11
solver_9@19-19-21:ERROR: Redis IO error when executing command: Failed to get reply: Resource temporarily unavailable, err: 1, errno: 11
solver_18@19-19-21:ERROR: Redis IO error when executing command: Failed to get reply: Resource temporarily unavailable, err: 1, errno: 11
solver_3@19-19-21:ERROR: Redis IO error when executing command: Failed to get reply: Resource temporarily unavailable, err: 1, errno: 11
solver_12@19-19-21:ERROR: Redis IO error when executing command: Failed to get reply: Resource temporarily unavailable, err: 1, errno: 11
solver_19@19-19-21:ERROR: Redis IO error when executing command: Failed to get reply: Resource temporarily unavailable, err: 1, errno: 11
solver_14@19-19-21:ERROR: Redis IO error when executing command: Failed to get reply: Resource temporarily unavailable, err: 1, errno: 11
solver_7@19-19-21:ERROR: Redis IO error when executing command: Failed to get reply: Resource temporarily unavailable, err: 1, errno: 11
solver_1@19-19-21:ERROR: Redis IO error when executing command: Failed to get reply: Resource temporarily unavailable, err: 1, errno: 11
solver_8@19-19-21:ERROR: Redis IO error when executing command: Failed to get reply: Resource temporarily unavailable, err: 1, errno: 11
solver_10@19-19-21:ERROR: Redis IO error when executing command: Failed to get reply: Resource temporarily unavailable, err: 1, errno: 11
solver_13@19-19-21:ERROR: Redis IO error when executing command: Failed to get reply: Resource temporarily unavailable, err: 1, errno: 11
solver_11@19-19-21:ERROR: Redis IO error when executing command: Failed to get reply: Resource temporarily unavailable, err: 1, errno: 11
solver_6@19-19-21:ERROR: Redis IO error when executing command: Failed to get reply: Resource temporarily unavailable, err: 1, errno: 11
solver_2@19-19-21:ERROR: Redis IO error when executing command: Failed to get reply: Resource temporarily unavailable, err: 1, errno: 11
solver_17@19-19-21:ERROR: Redis IO error when executing command: Failed to get reply: Resource temporarily unavailable, err: 1, errno: 11
solver_0@19-19-22:ERROR: Redis IO error when executing command: Failed to get reply: Resource temporarily unavailable, err: 1, errno: 11
solver_16@19-19-22:ERROR: Redis IO error when executing command: Failed to get reply: Resource temporarily unavailable, err: 1, errno: 11
solver_15@19-19-22:ERROR: Redis IO error when executing command: Failed to get reply: Resource temporarily unavailable, err: 1, errno: 11
solver_5@19-19-22:ERROR: Redis IO error when executing command: Failed to get reply: Resource temporarily unavailable, err: 1, errno: 11
solver_4@19-19-22:ERROR: Redis IO error when executing command: Failed to get reply: Resource temporarily unavailable, err: 1, errno: 11
solver_9@19-19-22:ERROR: Redis IO error when executing command: Failed to get reply: Resource temporarily unavailable, err: 1, errno: 11
solver_18@19-19-22:ERROR: Redis IO error when executing command: Failed to get reply: Resource temporarily unavailable, err: 1, errno: 11
solver_3@19-19-22:ERROR: Redis IO error when executing command: Failed to get reply: Resource temporarily unavailable, err: 1, errno: 11
solver_12@19-19-22:ERROR: Redis IO error when executing command: Failed to get reply: Resource temporarily unavailable, err: 1, errno: 11
solver_19@19-19-22:ERROR: Redis IO error when executing command: Failed to get reply: Resource temporarily unavailable, err: 1, errno: 11
solver_14@19-19-22:ERROR: Redis IO error when executing command: Failed to get reply: Resource temporarily unavailable, err: 1, errno: 11
solver_7@19-19-22:ERROR: Redis IO error when executing command: Failed to get reply: Resource temporarily unavailable, err: 1, errno: 11
solver_1@19-19-22:ERROR: Redis IO error when executing command: Failed to get reply: Resource temporarily unavailable, err: 1, errno: 11
solver_11@19-19-22:ERROR: Redis IO error when executing command: Failed to get reply: Resource temporarily unavailable, err: 1, errno: 11
solver_2@19-19-22:ERROR: Redis IO error when executing command: Failed to get reply: Resource temporarily unavailable, err: 1, errno: 11
solver_17@19-19-22:ERROR: Redis IO error when executing command: Failed to get reply: Resource temporarily unavailable, err: 1, errno: 11
solver_8@19-19-22:ERROR: Redis IO error when executing command: Failed to get reply: Resource temporarily unavailable, err: 1, errno: 11
solver_10@19-19-22:ERROR: Redis IO error when executing command: Failed to get reply: Resource temporarily unavailable, err: 1, errno: 11
solver_13@19-19-22:ERROR: Redis IO error when executing command: Failed to get reply: Resource temporarily unavailable, err: 1, errno: 11
solver_6@19-19-22:ERROR: Redis IO error when executing command: Failed to get reply: Resource temporarily unavailable, err: 1, errno: 11
solver_0@19-19-24:ERROR: Redis IO error when executing command: Failed to get reply: Resource temporarily unavailable, err: 1, errno: 11
solver_16@19-19-24:ERROR: Redis IO error when executing command: Failed to get reply: Resource temporarily unavailable, err: 1, errno: 11
solver_15@19-19-24:ERROR: Redis IO error when executing command: Failed to get reply: Resource temporarily unavailable, err: 1, errno: 11
solver_5@19-19-24:ERROR: Redis IO error when executing command: Failed to get reply: Resource temporarily unavailable, err: 1, errno: 11
solver_4@19-19-24:ERROR: Redis IO error when executing command: Failed to get reply: Resource temporarily unavailable, err: 1, errno: 11
solver_12@19-19-24:ERROR: Redis IO error when executing command: Failed to get reply: Resource temporarily unavailable, err: 1, errno: 11
solver_19@19-19-24:ERROR: Redis IO error when executing command: Failed to get reply: Resource temporarily unavailable, err: 1, errno: 11
solver_9@19-19-24:ERROR: Redis IO error when executing command: Failed to get reply: Resource temporarily unavailable, err: 1, errno: 11
solver_3@19-19-24:ERROR: Redis IO error when executing command: Failed to get reply: Resource temporarily unavailable, err: 1, errno: 11
solver_7@19-19-24:ERROR: Redis IO error when executing command: Failed to get reply: Resource temporarily unavailable, err: 1, errno: 11
solver_1@19-19-24:ERROR: Redis IO error when executing command: Failed to get reply: Resource temporarily unavailable, err: 1, errno: 11
solver_18@19-19-24:ERROR: Redis IO error when executing command: Failed to get reply: Resource temporarily unavailable, err: 1, errno: 11
solver_14@19-19-24:ERROR: Redis IO error when executing command: Failed to get reply: Resource temporarily unavailable, err: 1, errno: 11
solver_11@19-19-24:ERROR: Redis IO error when executing command: Failed to get reply: Resource temporarily unavailable, err: 1, errno: 11
solver_2@19-19-24:ERROR: Redis IO error when executing command: Failed to get reply: Resource temporarily unavailable, err: 1, errno: 11
solver_17@19-19-24:ERROR: Redis IO error when executing command: Failed to get reply: Resource temporarily unavailable, err: 1, errno: 11
solver_8@19-19-24:ERROR: Redis IO error when executing command: Failed to get reply: Resource temporarily unavailable, err: 1, errno: 11
solver_10@19-19-24:ERROR: Redis IO error when executing command: Failed to get reply: Resource temporarily unavailable, err: 1, errno: 11
solver_6@19-19-24:ERROR: Redis IO error when executing command: Failed to get reply: Resource temporarily unavailable, err: 1, errno: 11
solver_13@19-19-24:ERROR: Redis IO error when executing command: Failed to get reply: Resource temporarily unavailable, err: 1, errno: 11
solver_0@19-19-25:ERROR: Redis IO error when executing command: Failed to get reply: Resource temporarily unavailable, err: 1, errno: 11
solver_16@19-19-25:ERROR: Redis IO error when executing command: Failed to get reply: Resource temporarily unavailable, err: 1, errno: 11
solver_15@19-19-25:ERROR: Redis IO error when executing command: Failed to get reply: Resource temporarily unavailable, err: 1, errno: 11
solver_5@19-19-25:ERROR: Redis IO error when executing command: Failed to get reply: Resource temporarily unavailable, err: 1, errno: 11
solver_4@19-19-25:ERROR: Redis IO error when executing command: Failed to get reply: Resource temporarily unavailable, err: 1, errno: 11
solver_12@19-19-25:ERROR: Redis IO error when executing command: Failed to get reply: Resource temporarily unavailable, err: 1, errno: 11
solver_14@19-19-25:ERROR: Redis IO error when executing command: Failed to get reply: Resource temporarily unavailable, err: 1, errno: 11
solver_19@19-19-25:ERROR: Redis IO error when executing command: Failed to get reply: Resource temporarily unavailable, err: 1, errno: 11
solver_1@19-19-25:ERROR: Redis IO error when executing command: Failed to get reply: Resource temporarily unavailable, err: 1, errno: 11
solver_9@19-19-25:ERROR: Redis IO error when executing command: Failed to get reply: Resource temporarily unavailable, err: 1, errno: 11
solver_7@19-19-25:ERROR: Redis IO error when executing command: Failed to get reply: Resource temporarily unavailable, err: 1, errno: 11
solver_3@19-19-25:ERROR: Redis IO error when executing command: Failed to get reply: Resource temporarily unavailable, err: 1, errno: 11
solver_18@19-19-25:ERROR: Redis IO error when executing command: Failed to get reply: Resource temporarily unavailable, err: 1, errno: 11
solver_11@19-19-25:ERROR: Redis IO error when executing command: Failed to get reply: Resource temporarily unavailable, err: 1, errno: 11
solver_10@19-19-25:ERROR: Redis IO error when executing command: Failed to get reply: Resource temporarily unavailable, err: 1, errno: 11
solver_17@19-19-25:ERROR: Redis IO error when executing command: Failed to get reply: Resource temporarily unavailable, err: 1, errno: 11
solver_8@19-19-25:ERROR: Redis IO error when executing command: Failed to get reply: Resource temporarily unavailable, err: 1, errno: 11
solver_2@19-19-25:ERROR: Redis IO error when executing command: Failed to get reply: Resource temporarily unavailable, err: 1, errno: 11
solver_13@19-19-25:ERROR: Redis IO error when executing command: Failed to get reply: Resource temporarily unavailable, err: 1, errno: 11
solver_6@19-19-25:ERROR: Redis IO error when executing command: Failed to get reply: Resource temporarily unavailable, err: 1, errno: 11
solver_0@19-19-26:ERROR: Redis IO error when executing command: Failed to get reply: Resource temporarily unavailable, err: 1, errno: 11
solver_16@19-19-26:ERROR: Redis IO error when executing command: Failed to get reply: Resource temporarily unavailable, err: 1, errno: 11
solver_15@19-19-26:ERROR: Redis IO error when executing command: Failed to get reply: Resource temporarily unavailable, err: 1, errno: 11
solver_4@19-19-26:ERROR: Redis IO error when executing command: Failed to get reply: Resource temporarily unavailable, err: 1, errno: 11
solver_5@19-19-26:ERROR: Redis IO error when executing command: Failed to get reply: Resource temporarily unavailable, err: 1, errno: 11
solver_14@19-19-26:ERROR: Redis IO error when executing command: Failed to get reply: Resource temporarily unavailable, err: 1, errno: 11
solver_19@19-19-26:ERROR: Redis IO error when executing command: Failed to get reply: Resource temporarily unavailable, err: 1, errno: 11
solver_7@19-19-26:ERROR: Redis IO error when executing command: Failed to get reply: Resource temporarily unavailable, err: 1, errno: 11
solver_3@19-19-26:ERROR: Redis IO error when executing command: Failed to get reply: Resource temporarily unavailable, err: 1, errno: 11
solver_12@19-19-26:ERROR: Redis IO error when executing command: Failed to get reply: Resource temporarily unavailable, err: 1, errno: 11
solver_1@19-19-26:ERROR: Redis IO error when executing command: Failed to get reply: Resource temporarily unavailable, err: 1, errno: 11
solver_9@19-19-26:ERROR: Redis IO error when executing command: Failed to get reply: Resource temporarily unavailable, err: 1, errno: 11
solver_18@19-19-26:ERROR: Redis IO error when executing command: Failed to get reply: Resource temporarily unavailable, err: 1, errno: 11
solver_8@19-19-26:ERROR: Redis IO error when executing command: Failed to get reply: Resource temporarily unavailable, err: 1, errno: 11
solver_11@19-19-26:ERROR: Redis IO error when executing command: Failed to get reply: Resource temporarily unavailable, err: 1, errno: 11
solver_10@19-19-26:ERROR: Redis IO error when executing command: Failed to get reply: Resource temporarily unavailable, err: 1, errno: 11
solver_2@19-19-26:ERROR: Redis IO error when executing command: Failed to get reply: Resource temporarily unavailable, err: 1, errno: 11
solver_17@19-19-26:ERROR: Redis IO error when executing command: Failed to get reply: Resource temporarily unavailable, err: 1, errno: 11
solver_13@19-19-26:ERROR: Redis IO error when executing command: Failed to get reply: Resource temporarily unavailable, err: 1, errno: 11
solver_6@19-19-26:ERROR: Redis IO error when executing command: Failed to get reply: Resource temporarily unavailable, err: 1, errno: 11
[DEBUG] Retrieve these tensors from SmartSim:
[DEBUG]   Tensor 0{dtype=Float, layout=Contiguous, ownership=External, shape=[100000]}
STEP_TIMING step=1 latency_ms=12709.61 min_ms=12597.81 avg_ms=12678.29 total_samples=2000000 throughput_samples_sec=157361
[DEBUG] Write these tensors to SmartSim:
[DEBUG]   Tensor 0{dtype=Float, layout=Contiguous, ownership=External, shape=[100000, 18]}
DEBUG: put_tensor input_15_0 dims=[100000,18]
DEBUG: put_tensor input_5_0 dims=[100000,18]
DEBUG: put_tensor input_4_0 dims=[100000,18]
DEBUG: put_tensor input_16_0 dims=[100000,18]
DEBUG: put_tensor input_0_0 dims=[100000,18]
[DEBUG] Input tensor names sent to SmartSim:
[DEBUG]   input_0_0
[DEBUG] Output tensor names expected from SmartSim:
[DEBUG]   output_0_0
DEBUG: put_tensor input_3_0 dims=[100000,18]
DEBUG: put_tensor input_7_0 dims=[100000,18]
DEBUG: put_tensor input_8_0 dims=[100000,18]
DEBUG: put_tensor input_18_0 dims=[100000,18]
DEBUG: put_tensor input_11_0 dims=[100000,18]
DEBUG: put_tensor input_1_0 dims=[100000,18]
DEBUG: put_tensor input_13_0 dims=[100000,18]
DEBUG: put_tensor input_12_0 dims=[100000,18]
DEBUG: put_tensor input_14_0 dims=[100000,18]
DEBUG: put_tensor input_9_0 dims=[100000,18]
DEBUG: put_tensor input_10_0 dims=[100000,18]
DEBUG: put_tensor input_2_0 dims=[100000,18]
DEBUG: put_tensor input_17_0 dims=[100000,18]
DEBUG: put_tensor input_19_0 dims=[100000,18]
DEBUG: put_tensor input_6_0 dims=[100000,18]
[DEBUG] Retrieve these tensors from SmartSim:
[DEBUG]   Tensor 0{dtype=Float, layout=Contiguous, ownership=External, shape=[100000]}
STEP_TIMING step=2 latency_ms=119.92 min_ms=58.46 avg_ms=103.90 total_samples=2000000 throughput_samples_sec=16678386
[DEBUG] Write these tensors to SmartSim:
[DEBUG]   Tensor 0{dtype=Float, layout=Contiguous, ownership=External, shape=[100000, 18]}
DEBUG: put_tensor input_9_0 dims=[100000,18]
DEBUG: put_tensor input_17_0 dims=[100000,18]
DEBUG: put_tensor input_1_0 dims=[100000,18]
DEBUG: put_tensor input_19_0 dims=[100000,18]
DEBUG: put_tensor input_11_0 dims=[100000,18]
DEBUG: put_tensor input_3_0 dims=[100000,18]
DEBUG: put_tensor input_15_0 dims=[100000,18]
DEBUG: put_tensor input_13_0 dims=[100000,18]
DEBUG: put_tensor input_10_0 dims=[100000,18]
DEBUG: put_tensor input_12_0 dims=[100000,18]
DEBUG: put_tensor input_2_0 dims=[100000,18]
DEBUG: put_tensor input_16_0 dims=[100000,18]
DEBUG: put_tensor input_18_0 dims=[100000,18]
DEBUG: put_tensor input_0_0 dims=[100000,18]
[DEBUG] Input tensor names sent to SmartSim:
[DEBUG]   input_0_0
[DEBUG] Output tensor names expected from SmartSim:
[DEBUG]   output_0_0
DEBUG: put_tensor input_14_0 dims=[100000,18]
DEBUG: put_tensor input_8_0 dims=[100000,18]
DEBUG: put_tensor input_6_0 dims=[100000,18]
DEBUG: put_tensor input_7_0 dims=[100000,18]
DEBUG: put_tensor input_4_0 dims=[100000,18]
DEBUG: put_tensor input_5_0 dims=[100000,18]
[DEBUG] Retrieve these tensors from SmartSim:
[DEBUG]   Tensor 0{dtype=Float, layout=Contiguous, ownership=External, shape=[100000]}
STEP_TIMING step=3 latency_ms=110.12 min_ms=82.35 avg_ms=92.55 total_samples=2000000 throughput_samples_sec=18162055
[DEBUG] Write these tensors to SmartSim:
[DEBUG]   Tensor 0{dtype=Float, layout=Contiguous, ownership=External, shape=[100000, 18]}
DEBUG: put_tensor input_0_0 dims=[100000,18]
[DEBUG] Input tensor names sent to SmartSim:
[DEBUG]   input_0_0
[DEBUG] Output tensor names expected from SmartSim:
[DEBUG]   output_0_0
DEBUG: put_tensor input_15_0 dims=[100000,18]
DEBUG: put_tensor input_5_0 dims=[100000,18]
DEBUG: put_tensor input_9_0 dims=[100000,18]
DEBUG: put_tensor input_16_0 dims=[100000,18]
DEBUG: put_tensor input_19_0 dims=[100000,18]
DEBUG: put_tensor input_12_0 dims=[100000,18]
DEBUG: put_tensor input_6_0 dims=[100000,18]
DEBUG: put_tensor input_18_0 dims=[100000,18]
DEBUG: put_tensor input_13_0 dims=[100000,18]
DEBUG: put_tensor input_1_0 dims=[100000,18]
DEBUG: put_tensor input_7_0 dims=[100000,18]
DEBUG: put_tensor input_10_0 dims=[100000,18]
DEBUG: put_tensor input_2_0 dims=[100000,18]
DEBUG: put_tensor input_8_0 dims=[100000,18]
DEBUG: put_tensor input_17_0 dims=[100000,18]
DEBUG: put_tensor input_14_0 dims=[100000,18]
DEBUG: put_tensor input_3_0 dims=[100000,18]
DEBUG: put_tensor input_4_0 dims=[100000,18]
DEBUG: put_tensor input_11_0 dims=[100000,18]
[DEBUG] Retrieve these tensors from SmartSim:
[DEBUG]   Tensor 0{dtype=Float, layout=Contiguous, ownership=External, shape=[100000]}
STEP_TIMING step=4 latency_ms=105.07 min_ms=75.74 avg_ms=90.33 total_samples=2000000 throughput_samples_sec=19035577
[DEBUG] Write these tensors to SmartSim:
[DEBUG]   Tensor 0{dtype=Float, layout=Contiguous, ownership=External, shape=[100000, 18]}
DEBUG: put_tensor input_4_0 dims=[100000,18]
DEBUG: put_tensor input_18_0 dims=[100000,18]
DEBUG: put_tensor input_8_0 dims=[100000,18]
DEBUG: put_tensor input_16_0 dims=[100000,18]
DEBUG: put_tensor input_12_0 dims=[100000,18]
DEBUG: put_tensor input_10_0 dims=[100000,18]
DEBUG: put_tensor input_2_0 dims=[100000,18]
DEBUG: put_tensor input_0_0 dims=[100000,18]
[DEBUG] Input tensor names sent to SmartSim:
[DEBUG]   input_0_0
[DEBUG] Output tensor names expected from SmartSim:
[DEBUG]   output_0_0
DEBUG: put_tensor input_6_0 dims=[100000,18]
DEBUG: put_tensor input_13_0 dims=[100000,18]
DEBUG: put_tensor input_1_0 dims=[100000,18]
DEBUG: put_tensor input_14_0 dims=[100000,18]
DEBUG: put_tensor input_11_0 dims=[100000,18]
DEBUG: put_tensor input_7_0 dims=[100000,18]
DEBUG: put_tensor input_3_0 dims=[100000,18]
DEBUG: put_tensor input_19_0 dims=[100000,18]
DEBUG: put_tensor input_15_0 dims=[100000,18]
DEBUG: put_tensor input_17_0 dims=[100000,18]
DEBUG: put_tensor input_9_0 dims=[100000,18]
DEBUG: put_tensor input_5_0 dims=[100000,18]
[DEBUG] Retrieve these tensors from SmartSim:
[DEBUG]   Tensor 0{dtype=Float, layout=Contiguous, ownership=External, shape=[100000]}
STEP_TIMING step=5 latency_ms=85.59 min_ms=66.50 avg_ms=76.28 total_samples=2000000 throughput_samples_sec=23366838
[DEBUG] Write these tensors to SmartSim:
[DEBUG]   Tensor 0{dtype=Float, layout=Contiguous, ownership=External, shape=[100000, 18]}
DEBUG: put_tensor input_15_0 dims=[100000,18]
DEBUG: put_tensor input_12_0 dims=[100000,18]
DEBUG: put_tensor input_9_0 dims=[100000,18]
DEBUG: put_tensor input_5_0 dims=[100000,18]
DEBUG: put_tensor input_4_0 dims=[100000,18]
DEBUG: put_tensor input_13_0 dims=[100000,18]
DEBUG: put_tensor input_11_0 dims=[100000,18]
DEBUG: put_tensor input_7_0 dims=[100000,18]
DEBUG: put_tensor input_0_0 dims=[100000,18]
[DEBUG] Input tensor names sent to SmartSim:
[DEBUG]   input_0_0
[DEBUG] Output tensor names expected from SmartSim:
[DEBUG]   output_0_0
DEBUG: put_tensor input_16_0 dims=[100000,18]
DEBUG: put_tensor input_8_0 dims=[100000,18]
DEBUG: put_tensor input_3_0 dims=[100000,18]
DEBUG: put_tensor input_10_0 dims=[100000,18]
DEBUG: put_tensor input_19_0 dims=[100000,18]
DEBUG: put_tensor input_17_0 dims=[100000,18]
DEBUG: put_tensor input_18_0 dims=[100000,18]
DEBUG: put_tensor input_6_0 dims=[100000,18]
DEBUG: put_tensor input_1_0 dims=[100000,18]
DEBUG: put_tensor input_14_0 dims=[100000,18]
DEBUG: put_tensor input_2_0 dims=[100000,18]
[DEBUG] Retrieve these tensors from SmartSim:
[DEBUG]   Tensor 0{dtype=Float, layout=Contiguous, ownership=External, shape=[100000]}
STEP_TIMING step=6 latency_ms=95.08 min_ms=55.16 avg_ms=69.17 total_samples=2000000 throughput_samples_sec=21035006
[DEBUG] Write these tensors to SmartSim:
[DEBUG]   Tensor 0{dtype=Float, layout=Contiguous, ownership=External, shape=[100000, 18]}
DEBUG: put_tensor input_17_0 dims=[100000,18]
DEBUG: put_tensor input_4_0 dims=[100000,18]
DEBUG: put_tensor input_11_0 dims=[100000,18]
DEBUG: put_tensor input_8_0 dims=[100000,18]
DEBUG: put_tensor input_7_0 dims=[100000,18]
DEBUG: put_tensor input_9_0 dims=[100000,18]
DEBUG: put_tensor input_13_0 dims=[100000,18]
DEBUG: put_tensor input_16_0 dims=[100000,18]
DEBUG: put_tensor input_12_0 dims=[100000,18]
DEBUG: put_tensor input_19_0 dims=[100000,18]
DEBUG: put_tensor input_0_0 dims=[100000,18]
[DEBUG] Input tensor names sent to SmartSim:
[DEBUG]   input_0_0
[DEBUG] Output tensor names expected from SmartSim:
[DEBUG]   output_0_0
DEBUG: put_tensor input_15_0 dims=[100000,18]
DEBUG: put_tensor input_1_0 dims=[100000,18]
DEBUG: put_tensor input_14_0 dims=[100000,18]
DEBUG: put_tensor input_10_0 dims=[100000,18]
DEBUG: put_tensor input_5_0 dims=[100000,18]
DEBUG: put_tensor input_6_0 dims=[100000,18]
DEBUG: put_tensor input_3_0 dims=[100000,18]
DEBUG: put_tensor input_2_0 dims=[100000,18]
DEBUG: put_tensor input_18_0 dims=[100000,18]
[DEBUG] Retrieve these tensors from SmartSim:
[DEBUG]   Tensor 0{dtype=Float, layout=Contiguous, ownership=External, shape=[100000]}
STEP_TIMING step=7 latency_ms=114.06 min_ms=87.99 avg_ms=99.70 total_samples=2000000 throughput_samples_sec=17534932
[DEBUG] Write these tensors to SmartSim:
[DEBUG]   Tensor 0{dtype=Float, layout=Contiguous, ownership=External, shape=[100000, 18]}
DEBUG: put_tensor input_15_0 dims=[100000,18]
DEBUG: put_tensor input_16_0 dims=[100000,18]
DEBUG: put_tensor input_6_0 dims=[100000,18]
DEBUG: put_tensor input_8_0 dims=[100000,18]
DEBUG: put_tensor input_3_0 dims=[100000,18]
DEBUG: put_tensor input_12_0 dims=[100000,18]
DEBUG: put_tensor input_19_0 dims=[100000,18]
DEBUG: put_tensor input_14_0 dims=[100000,18]
DEBUG: put_tensor input_7_0 dims=[100000,18]
DEBUG: put_tensor input_2_0 dims=[100000,18]
DEBUG: put_tensor input_17_0 dims=[100000,18]
DEBUG: put_tensor input_0_0 dims=[100000,18]
[DEBUG] Input tensor names sent to SmartSim:
[DEBUG]   input_0_0
[DEBUG] Output tensor names expected from SmartSim:
[DEBUG]   output_0_0
DEBUG: put_tensor input_4_0 dims=[100000,18]
DEBUG: put_tensor input_13_0 dims=[100000,18]
DEBUG: put_tensor input_11_0 dims=[100000,18]
DEBUG: put_tensor input_10_0 dims=[100000,18]
DEBUG: put_tensor input_9_0 dims=[100000,18]
DEBUG: put_tensor input_5_0 dims=[100000,18]
DEBUG: put_tensor input_18_0 dims=[100000,18]
DEBUG: put_tensor input_1_0 dims=[100000,18]
[DEBUG] Retrieve these tensors from SmartSim:
[DEBUG]   Tensor 0{dtype=Float, layout=Contiguous, ownership=External, shape=[100000]}
STEP_TIMING step=8 latency_ms=100.25 min_ms=72.64 avg_ms=88.17 total_samples=2000000 throughput_samples_sec=19950443
[DEBUG] Write these tensors to SmartSim:
[DEBUG]   Tensor 0{dtype=Float, layout=Contiguous, ownership=External, shape=[100000, 18]}
DEBUG: put_tensor input_16_0 dims=[100000,18]
DEBUG: put_tensor input_15_0 dims=[100000,18]
DEBUG: put_tensor input_4_0 dims=[100000,18]
DEBUG: put_tensor input_13_0 dims=[100000,18]
DEBUG: put_tensor input_6_0 dims=[100000,18]
DEBUG: put_tensor input_8_0 dims=[100000,18]
DEBUG: put_tensor input_3_0 dims=[100000,18]
DEBUG: put_tensor input_14_0 dims=[100000,18]
DEBUG: put_tensor input_12_0 dims=[100000,18]
DEBUG: put_tensor input_2_0 dims=[100000,18]
DEBUG: put_tensor input_17_0 dims=[100000,18]
DEBUG: put_tensor input_9_0 dims=[100000,18]
DEBUG: put_tensor input_7_0 dims=[100000,18]
DEBUG: put_tensor input_1_0 dims=[100000,18]
DEBUG: put_tensor input_0_0 dims=[100000,18]
[DEBUG] Input tensor names sent to SmartSim:
[DEBUG]   input_0_0
[DEBUG] Output tensor names expected from SmartSim:
[DEBUG]   output_0_0
DEBUG: put_tensor input_18_0 dims=[100000,18]
DEBUG: put_tensor input_19_0 dims=[100000,18]
DEBUG: put_tensor input_11_0 dims=[100000,18]
DEBUG: put_tensor input_10_0 dims=[100000,18]
DEBUG: put_tensor input_5_0 dims=[100000,18]
[DEBUG] Retrieve these tensors from SmartSim:
[DEBUG]   Tensor 0{dtype=Float, layout=Contiguous, ownership=External, shape=[100000]}
STEP_TIMING step=9 latency_ms=107.17 min_ms=77.48 avg_ms=90.89 total_samples=2000000 throughput_samples_sec=18662378
[DEBUG] Write these tensors to SmartSim:
[DEBUG]   Tensor 0{dtype=Float, layout=Contiguous, ownership=External, shape=[100000, 18]}
DEBUG: put_tensor input_16_0 dims=[100000,18]
DEBUG: put_tensor input_15_0 dims=[100000,18]
DEBUG: put_tensor input_4_0 dims=[100000,18]
DEBUG: put_tensor input_13_0 dims=[100000,18]
DEBUG: put_tensor input_9_0 dims=[100000,18]
DEBUG: put_tensor input_17_0 dims=[100000,18]
DEBUG: put_tensor input_2_0 dims=[100000,18]
DEBUG: put_tensor input_7_0 dims=[100000,18]
DEBUG: put_tensor input_18_0 dims=[100000,18]
DEBUG: put_tensor input_3_0 dims=[100000,18]
DEBUG: put_tensor input_12_0 dims=[100000,18]
DEBUG: put_tensor input_11_0 dims=[100000,18]
DEBUG: put_tensor input_8_0 dims=[100000,18]
DEBUG: put_tensor input_10_0 dims=[100000,18]
DEBUG: put_tensor input_1_0 dims=[100000,18]
DEBUG: put_tensor input_6_0 dims=[100000,18]
DEBUG: put_tensor input_19_0 dims=[100000,18]
DEBUG: put_tensor input_14_0 dims=[100000,18]
DEBUG: put_tensor input_0_0 dims=[100000,18]
[DEBUG] Input tensor names sent to SmartSim:
[DEBUG]   input_0_0
[DEBUG] Output tensor names expected from SmartSim:
[DEBUG]   output_0_0
DEBUG: put_tensor input_5_0 dims=[100000,18]
[DEBUG] Retrieve these tensors from SmartSim:
[DEBUG]   Tensor 0{dtype=Float, layout=Contiguous, ownership=External, shape=[100000]}
STEP_TIMING step=10 latency_ms=97.98 min_ms=66.50 avg_ms=85.07 total_samples=2000000 throughput_samples_sec=20413050
[DEBUG] Write these tensors to SmartSim:
[DEBUG]   Tensor 0{dtype=Float, layout=Contiguous, ownership=External, shape=[100000, 18]}
DEBUG: put_tensor input_16_0 dims=[100000,18]
DEBUG: put_tensor input_13_0 dims=[100000,18]
DEBUG: put_tensor input_12_0 dims=[100000,18]
DEBUG: put_tensor input_15_0 dims=[100000,18]
DEBUG: put_tensor input_4_0 dims=[100000,18]
DEBUG: put_tensor input_2_0 dims=[100000,18]
DEBUG: put_tensor input_10_0 dims=[100000,18]
DEBUG: put_tensor input_19_0 dims=[100000,18]
DEBUG: put_tensor input_17_0 dims=[100000,18]
DEBUG: put_tensor input_3_0 dims=[100000,18]
DEBUG: put_tensor input_8_0 dims=[100000,18]
DEBUG: put_tensor input_7_0 dims=[100000,18]
DEBUG: put_tensor input_14_0 dims=[100000,18]
DEBUG: put_tensor input_11_0 dims=[100000,18]
DEBUG: put_tensor input_9_0 dims=[100000,18]
DEBUG: put_tensor input_18_0 dims=[100000,18]
DEBUG: put_tensor input_6_0 dims=[100000,18]
DEBUG: put_tensor input_5_0 dims=[100000,18]
DEBUG: put_tensor input_1_0 dims=[100000,18]
DEBUG: put_tensor input_0_0 dims=[100000,18]
[DEBUG] Input tensor names sent to SmartSim:
[DEBUG]   input_0_0
[DEBUG] Output tensor names expected from SmartSim:
[DEBUG]   output_0_0
[DEBUG] Retrieve these tensors from SmartSim:
[DEBUG]   Tensor 0{dtype=Float, layout=Contiguous, ownership=External, shape=[100000]}
STEP_TIMING step=11 latency_ms=93.54 min_ms=61.47 avg_ms=80.44 total_samples=2000000 throughput_samples_sec=21381196
[DEBUG] Write these tensors to SmartSim:
[DEBUG]   Tensor 0{dtype=Float, layout=Contiguous, ownership=External, shape=[100000, 18]}
DEBUG: put_tensor input_16_0 dims=[100000,18]
DEBUG: put_tensor input_13_0 dims=[100000,18]
DEBUG: put_tensor input_4_0 dims=[100000,18]
DEBUG: put_tensor input_8_0 dims=[100000,18]
DEBUG: put_tensor input_11_0 dims=[100000,18]
DEBUG: put_tensor input_1_0 dims=[100000,18]
DEBUG: put_tensor input_6_0 dims=[100000,18]
DEBUG: put_tensor input_9_0 dims=[100000,18]
DEBUG: put_tensor input_10_0 dims=[100000,18]
DEBUG: put_tensor input_2_0 dims=[100000,18]
DEBUG: put_tensor input_12_0 dims=[100000,18]
DEBUG: put_tensor input_14_0 dims=[100000,18]
DEBUG: put_tensor input_17_0 dims=[100000,18]
DEBUG: put_tensor input_15_0 dims=[100000,18]
DEBUG: put_tensor input_5_0 dims=[100000,18]
DEBUG: put_tensor input_18_0 dims=[100000,18]
DEBUG: put_tensor input_0_0 dims=[100000,18]
[DEBUG] Input tensor names sent to SmartSim:
[DEBUG]   input_0_0
[DEBUG] Output tensor names expected from SmartSim:
[DEBUG]   output_0_0
DEBUG: put_tensor input_19_0 dims=[100000,18]
DEBUG: put_tensor input_3_0 dims=[100000,18]
DEBUG: put_tensor input_7_0 dims=[100000,18]
[DEBUG] Retrieve these tensors from SmartSim:
[DEBUG]   Tensor 0{dtype=Float, layout=Contiguous, ownership=External, shape=[100000]}
STEP_TIMING step=12 latency_ms=81.36 min_ms=50.48 avg_ms=70.17 total_samples=2000000 throughput_samples_sec=24581704

=================================================================
=== Benchmark Summary (Steady-State Steps 3 to 12) ===
=================================================================
Steady Step Count:   10
Median Latency:      100.25 ms
Mean Latency:        99.02 ms
Min Latency:         81.36 ms
Max Latency:         114.06 ms
Median Throughput:   19950443 samples/sec
=================================================================
=== Finished smartsim (b=100000). Log: /rwthfs/rz/cluster/hpcwork/ro092286/smartsim/batch_memory_benchmark/logs/bench_smartsim_b100000_3053431_smartsim_b100000.log | Telemetry: /rwthfs/rz/cluster/hpcwork/ro092286/smartsim/batch_memory_benchmark/logs/bench_smartsim_b100000_3053431_smartsim_b100000_gpu_telemetry.csv ===

>>> Running Provider: smartsim | Batch Size: 500000 <<<
=================================================================
=== Running Case: smartsim | Batch: 500000 | ID: 3053431_smartsim_b500000 ===
=================================================================
Starting SmartSim Redis DB on port 7233...
=================================================================
=== CMI Batch & Memory Calibration Benchmark Harness          ===
=================================================================
Provider:           smartsim
Config:             /rwthfs/rz/cluster/hpcwork/ro092286/smartsim/batch_memory_benchmark/configs/smartsim.toml
Model Path:         /rwthfs/rz/cluster/hpcwork/ro092286/smartsim/batch_memory_benchmark/../mini_app/train_models/model_a/watercnn_cuda.pt
Solver Ranks:       20 (World size: 20)
Samples per Rank:   100000
Total Work/Step:    2000000 samples
Target Batch Size:  500000
SmartSim Min Batch: 500000 (timeout=1000 ms)
Total Steps:        12 (Warmup: 2)
=================================================================

SmartRedis Library@19-19-49:WARNING: Environment variable SR_LOG_FILE is not set. Defaulting to stdout
SmartRedis Library@19-19-49:WARNING: Environment variable SR_LOG_LEVEL is not set. Defaulting to INFO
SmartRedis Library@19-19-49:WARNING: Environment variable SR_LOG_FILE is not set. Defaulting to stdout
SmartRedis Library@19-19-49:WARNING: Environment variable SR_LOG_LEVEL is not set. Defaulting to INFO
SmartRedis Library@19-19-49:WARNING: Environment variable SR_LOG_FILE is not set. Defaulting to stdout
SmartRedis Library@19-19-49:WARNING: Environment variable SR_LOG_LEVEL is not set. Defaulting to INFO
SmartRedis Library@19-19-49:WARNING: Environment variable SR_LOG_FILE is not set. Defaulting to stdout
SmartRedis Library@19-19-49:WARNING: Environment variable SR_LOG_FILE is not set. Defaulting to stdout
SmartRedis Library@19-19-49:WARNING: Environment variable SR_LOG_LEVEL is not set. Defaulting to INFO
SmartRedis Library@19-19-49:WARNING: Environment variable SR_LOG_LEVEL is not set. Defaulting to INFO
SmartRedis Library@19-19-49:WARNING: Environment variable SR_LOG_FILE is not set. Defaulting to stdout
SmartRedis Library@19-19-49:WARNING: Environment variable SR_LOG_LEVEL is not set. Defaulting to INFO
SmartRedis Library@19-19-49:WARNING: Environment variable SR_LOG_FILE is not set. Defaulting to stdout
SmartRedis Library@19-19-49:WARNING: Environment variable SR_LOG_LEVEL is not set. Defaulting to INFO
SmartRedis Library@19-19-49:WARNING: Environment variable SR_LOG_FILE is not set. Defaulting to stdout
SmartRedis Library@19-19-49:WARNING: Environment variable SR_LOG_LEVEL is not set. Defaulting to INFO
SmartRedis Library@19-19-49:WARNING: Environment variable SR_LOG_FILE is not set. Defaulting to stdout
SmartRedis Library@19-19-49:WARNING: Environment variable SR_LOG_LEVEL is not set. Defaulting to INFO
SmartRedis Library@19-19-49:WARNING: Environment variable SR_LOG_FILE is not set. Defaulting to stdout
SmartRedis Library@19-19-49:WARNING: Environment variable SR_LOG_LEVEL is not set. Defaulting to INFO
SmartRedis Library@19-19-49:WARNING: Environment variable SR_LOG_FILE is not set. Defaulting to stdout
SmartRedis Library@19-19-49:WARNING: Environment variable SR_LOG_LEVEL is not set. Defaulting to INFO
SmartRedis Library@19-19-49:WARNING: Environment variable SR_LOG_FILE is not set. Defaulting to stdout
SmartRedis Library@19-19-49:WARNING: Environment variable SR_LOG_LEVEL is not set. Defaulting to INFO
SmartRedis Library@19-19-49:WARNING: Environment variable SR_LOG_FILE is not set. Defaulting to stdout
SmartRedis Library@19-19-49:WARNING: Environment variable SR_LOG_LEVEL is not set. Defaulting to INFO
SmartRedis Library@19-19-49:WARNING: Environment variable SR_LOG_FILE is not set. Defaulting to stdout
SmartRedis Library@19-19-49:WARNING: Environment variable SR_LOG_LEVEL is not set. Defaulting to INFO
SmartRedis Library@19-19-49:WARNING: Environment variable SR_LOG_FILE is not set. Defaulting to stdout
SmartRedis Library@19-19-49:WARNING: Environment variable SR_LOG_LEVEL is not set. Defaulting to INFO
SmartRedis Library@19-19-49:WARNING: Environment variable SR_LOG_FILE is not set. Defaulting to stdout
SmartRedis Library@19-19-49:WARNING: Environment variable SR_LOG_LEVEL is not set. Defaulting to INFO
SmartRedis Library@19-19-49:WARNING: Environment variable SR_LOG_FILE is not set. Defaulting to stdout
SmartRedis Library@19-19-49:WARNING: Environment variable SR_LOG_LEVEL is not set. Defaulting to INFO
SmartRedis Library@19-19-49:WARNING: Environment variable SR_LOG_FILE is not set. Defaulting to stdout
SmartRedis Library@19-19-49:WARNING: Environment variable SR_LOG_LEVEL is not set. Defaulting to INFO
SmartRedis Library@19-19-49:WARNING: Environment variable SR_LOG_FILE is not set. Defaulting to stdout
SmartRedis Library@19-19-49:WARNING: Environment variable SR_LOG_LEVEL is not set. Defaulting to INFO
SmartRedis Library@19-19-49:WARNING: Environment variable SR_LOG_FILE is not set. Defaulting to stdout
SmartRedis Library@19-19-49:WARNING: Environment variable SR_LOG_LEVEL is not set. Defaulting to INFO
solver_0@19-19-49:ERROR: Redis IO error when executing command: Failed to get reply: Resource temporarily unavailable, err: 1, errno: 11
solver_14@19-19-49:ERROR: Unable to connect to backend database: Failed to get reply: Resource temporarily unavailable, err: 1, errno: 11
solver_7@19-19-49:ERROR: Unable to connect to backend database: Failed to get reply: Resource temporarily unavailable, err: 1, errno: 11
solver_6@19-19-49:ERROR: Unable to connect to backend database: Failed to get reply: Resource temporarily unavailable, err: 1, errno: 11
solver_8@19-19-49:ERROR: Unable to connect to backend database: Failed to get reply: Resource temporarily unavailable, err: 1, errno: 11
solver_5@19-19-49:ERROR: Unable to connect to backend database: Failed to get reply: Resource temporarily unavailable, err: 1, errno: 11
solver_12@19-19-49:ERROR: Unable to connect to backend database: Failed to get reply: Resource temporarily unavailable, err: 1, errno: 11
solver_15@19-19-49:ERROR: Unable to connect to backend database: Failed to get reply: Resource temporarily unavailable, err: 1, errno: 11
solver_1@19-19-49:ERROR: Unable to connect to backend database: Failed to get reply: Resource temporarily unavailable, err: 1, errno: 11
solver_11@19-19-49:ERROR: Unable to connect to backend database: Failed to get reply: Resource temporarily unavailable, err: 1, errno: 11
solver_9@19-19-49:ERROR: Unable to connect to backend database: Failed to get reply: Resource temporarily unavailable, err: 1, errno: 11
CMI initialized successfully. Starting benchmark steps...

[DEBUG] Write these tensors to SmartSim:
[DEBUG]   Tensor 0{dtype=Float, layout=Contiguous, ownership=External, shape=[100000, 18]}
DEBUG: put_tensor input_2_0 dims=[100000,18]
DEBUG: put_tensor input_19_0 dims=[100000,18]
DEBUG: put_tensor input_9_0 dims=[100000,18]
DEBUG: put_tensor input_0_0 dims=[100000,18]
[DEBUG] Input tensor names sent to SmartSim:
[DEBUG]   input_0_0
[DEBUG] Output tensor names expected from SmartSim:
[DEBUG]   output_0_0
DEBUG: put_tensor input_15_0 dims=[100000,18]
DEBUG: put_tensor input_12_0 dims=[100000,18]
DEBUG: put_tensor input_18_0 dims=[100000,18]
DEBUG: put_tensor input_14_0 dims=[100000,18]
DEBUG: put_tensor input_3_0 dims=[100000,18]
DEBUG: put_tensor input_7_0 dims=[100000,18]
DEBUG: put_tensor input_6_0 dims=[100000,18]
DEBUG: put_tensor input_5_0 dims=[100000,18]
DEBUG: put_tensor input_4_0 dims=[100000,18]
DEBUG: put_tensor input_1_0 dims=[100000,18]
DEBUG: put_tensor input_16_0 dims=[100000,18]
DEBUG: put_tensor input_13_0 dims=[100000,18]
DEBUG: put_tensor input_8_0 dims=[100000,18]
DEBUG: put_tensor input_11_0 dims=[100000,18]
DEBUG: put_tensor input_10_0 dims=[100000,18]
DEBUG: put_tensor input_17_0 dims=[100000,18]
solver_2@19-19-50:ERROR: Redis IO error when executing command: Failed to get reply: Resource temporarily unavailable, err: 1, errno: 11
solver_19@19-19-50:ERROR: Redis IO error when executing command: Failed to get reply: Resource temporarily unavailable, err: 1, errno: 11
solver_9@19-19-50:ERROR: Redis IO error when executing command: Failed to get reply: Resource temporarily unavailable, err: 1, errno: 11
solver_0@19-19-50:ERROR: Redis IO error when executing command: Failed to get reply: Resource temporarily unavailable, err: 1, errno: 11
solver_5@19-19-50:ERROR: Redis IO error when executing command: Failed to get reply: Resource temporarily unavailable, err: 1, errno: 11
solver_1@19-19-50:ERROR: Redis IO error when executing command: Failed to get reply: Resource temporarily unavailable, err: 1, errno: 11
solver_12@19-19-50:ERROR: Redis IO error when executing command: Failed to get reply: Resource temporarily unavailable, err: 1, errno: 11
solver_14@19-19-50:ERROR: Redis IO error when executing command: Failed to get reply: Resource temporarily unavailable, err: 1, errno: 11
solver_15@19-19-50:ERROR: Redis IO error when executing command: Failed to get reply: Resource temporarily unavailable, err: 1, errno: 11
solver_7@19-19-50:ERROR: Redis IO error when executing command: Failed to get reply: Resource temporarily unavailable, err: 1, errno: 11
solver_6@19-19-50:ERROR: Redis IO error when executing command: Failed to get reply: Resource temporarily unavailable, err: 1, errno: 11
solver_13@19-19-50:ERROR: Redis IO error when executing command: Failed to get reply: Resource temporarily unavailable, err: 1, errno: 11
solver_18@19-19-50:ERROR: Redis IO error when executing command: Failed to get reply: Resource temporarily unavailable, err: 1, errno: 11
solver_3@19-19-50:ERROR: Redis IO error when executing command: Failed to get reply: Resource temporarily unavailable, err: 1, errno: 11
solver_4@19-19-50:ERROR: Redis IO error when executing command: Failed to get reply: Resource temporarily unavailable, err: 1, errno: 11
solver_16@19-19-50:ERROR: Redis IO error when executing command: Failed to get reply: Resource temporarily unavailable, err: 1, errno: 11
[DEBUG] Retrieve these tensors from SmartSim:
[DEBUG]   Tensor 0{dtype=Float, layout=Contiguous, ownership=External, shape=[100000]}
solver_4@19-19-52:ERROR: Redis IO error when executing command: Failed to get reply: Resource temporarily unavailable, err: 1, errno: 11
solver_4@19-19-53:ERROR: Redis IO error when executing command: Failed to get reply: Resource temporarily unavailable, err: 1, errno: 11
solver_4@19-19-54:ERROR: Redis IO error when executing command: Failed to get reply: Resource temporarily unavailable, err: 1, errno: 11
solver_4@19-19-55:ERROR: Redis IO error when executing command: Failed to get reply: Resource temporarily unavailable, err: 1, errno: 11
solver_4@19-19-57:ERROR: Redis IO error when executing command: Failed to get reply: Resource temporarily unavailable, err: 1, errno: 11
solver_4@19-19-58:ERROR: Redis IO error when executing command: Failed to get reply: Resource temporarily unavailable, err: 1, errno: 11
solver_4@19-19-59:ERROR: Redis IO error when executing command: Failed to get reply: Resource temporarily unavailable, err: 1, errno: 11
solver_4@19-20-01:ERROR: Redis IO error when executing command: Failed to get reply: Resource temporarily unavailable, err: 1, errno: 11
solver_4@19-20-02:ERROR: Redis IO error when executing command: Failed to get reply: Resource temporarily unavailable, err: 1, errno: 11
solver_4@19-20-03:ERROR: Redis IO error when executing command: Failed to get reply: Resource temporarily unavailable, err: 1, errno: 11
solver_4@19-20-04:ERROR: Redis IO error when executing command: Failed to get reply: Resource temporarily unavailable, err: 1, errno: 11
solver_4@19-20-06:ERROR: Redis IO error when executing command: Failed to get reply: Resource temporarily unavailable, err: 1, errno: 11
solver_4@19-20-07:ERROR: Redis IO error when executing command: Failed to get reply: Resource temporarily unavailable, err: 1, errno: 11
solver_4@19-20-08:ERROR: Redis IO error when executing command: Failed to get reply: Resource temporarily unavailable, err: 1, errno: 11
solver_4@19-20-09:ERROR: Redis IO error when executing command: Failed to get reply: Resource temporarily unavailable, err: 1, errno: 11
solver_4@19-20-11:ERROR: Redis IO error when executing command: Failed to get reply: Resource temporarily unavailable, err: 1, errno: 11
solver_4@19-20-12:ERROR: Redis IO error when executing command: Failed to get reply: Resource temporarily unavailable, err: 1, errno: 11
solver_4@19-20-13:ERROR: Redis IO error when executing command: Failed to get reply: Resource temporarily unavailable, err: 1, errno: 11
solver_4@19-20-14:ERROR: Redis IO error when executing command: Failed to get reply: Resource temporarily unavailable, err: 1, errno: 11
solver_4@19-20-16:ERROR: Redis IO error when executing command: Failed to get reply: Resource temporarily unavailable, err: 1, errno: 11
solver_4@19-20-17:ERROR: Redis IO error when executing command: Failed to get reply: Resource temporarily unavailable, err: 1, errno: 11
solver_4@19-20-18:ERROR: Redis IO error when executing command: Failed to get reply: Resource temporarily unavailable, err: 1, errno: 11
solver_4@19-20-19:ERROR: Redis IO error when executing command: Failed to get reply: Resource temporarily unavailable, err: 1, errno: 11
solver_4@19-20-21:ERROR: Redis IO error when executing command: Failed to get reply: Resource temporarily unavailable, err: 1, errno: 11
solver_4@19-20-22:ERROR: Redis IO error when executing command: Failed to get reply: Resource temporarily unavailable, err: 1, errno: 11
solver_4@19-20-23:ERROR: Redis IO error when executing command: Failed to get reply: Resource temporarily unavailable, err: 1, errno: 11
solver_4@19-20-24:ERROR: Redis IO error when executing command: Failed to get reply: Resource temporarily unavailable, err: 1, errno: 11
solver_4@19-20-26:ERROR: Redis IO error when executing command: Failed to get reply: Resource temporarily unavailable, err: 1, errno: 11
solver_4@19-20-27:ERROR: Redis IO error when executing command: Failed to get reply: Resource temporarily unavailable, err: 1, errno: 11
solver_4@19-20-28:ERROR: Redis IO error when executing command: Failed to get reply: Resource temporarily unavailable, err: 1, errno: 11
solver_4@19-20-29:ERROR: Redis IO error when executing command: Failed to get reply: Resource temporarily unavailable, err: 1, errno: 11
solver_4@19-20-31:ERROR: Redis IO error when executing command: Failed to get reply: Resource temporarily unavailable, err: 1, errno: 11
solver_4@19-20-32:ERROR: Redis IO error when executing command: Failed to get reply: Resource temporarily unavailable, err: 1, errno: 11
solver_4@19-20-33:ERROR: Redis IO error when executing command: Failed to get reply: Resource temporarily unavailable, err: 1, errno: 11
solver_4@19-20-34:ERROR: Redis IO error when executing command: Failed to get reply: Resource temporarily unavailable, err: 1, errno: 11
solver_4@19-20-36:ERROR: Redis IO error when executing command: Failed to get reply: Resource temporarily unavailable, err: 1, errno: 11
solver_4@19-20-37:ERROR: Redis IO error when executing command: Failed to get reply: Resource temporarily unavailable, err: 1, errno: 11
solver_4@19-20-38:ERROR: Redis IO error when executing command: Failed to get reply: Resource temporarily unavailable, err: 1, errno: 11
solver_4@19-20-39:ERROR: Redis IO error when executing command: Failed to get reply: Resource temporarily unavailable, err: 1, errno: 11
solver_4@19-20-41:ERROR: Redis IO error when executing command: Failed to get reply: Resource temporarily unavailable, err: 1, errno: 11
solver_4@19-20-42:ERROR: Redis IO error when executing command: Failed to get reply: Resource temporarily unavailable, err: 1, errno: 11
solver_4@19-20-43:ERROR: Redis IO error when executing command: Failed to get reply: Resource temporarily unavailable, err: 1, errno: 11
solver_4@19-20-44:ERROR: Redis IO error when executing command: Failed to get reply: Resource temporarily unavailable, err: 1, errno: 11
solver_4@19-20-46:ERROR: Redis IO error when executing command: Failed to get reply: Resource temporarily unavailable, err: 1, errno: 11
solver_4@19-20-47:ERROR: Redis IO error when executing command: Failed to get reply: Resource temporarily unavailable, err: 1, errno: 11
solver_4@19-20-48:ERROR: Redis IO error when executing command: Failed to get reply: Resource temporarily unavailable, err: 1, errno: 11
solver_4@19-20-50:ERROR: Redis IO error when executing command: Failed to get reply: Resource temporarily unavailable, err: 1, errno: 11
solver_4@19-20-51:ERROR: Redis IO error when executing command: Failed to get reply: Resource temporarily unavailable, err: 1, errno: 11
[2026-08-18T19:20:51.347] error: *** JOB 3053431 ON r23g0004 CANCELLED AT 2026-08-18T19:20:51 DUE to SIGNAL Terminated ***
