=================================================================
=== CMI Batch & Memory Calibration Benchmark Harness          ===
=================================================================
Provider:           aix
Config:             /rwthfs/rz/cluster/hpcwork/ro092286/smartsim/batch_memory_benchmark/configs/aix.toml
Model Path:         /rwthfs/rz/cluster/hpcwork/ro092286/smartsim/batch_memory_benchmark/../mini_app/train_models/model_a/watercnn_cuda.pt
Solver Ranks:       20 (World size: 20)
Samples per Rank:   100000
Total Work/Step:    2000000 samples
Target Batch Size:  2000000
SmartSim Min Batch: 0 (timeout=0 ms)
Total Steps:        12 (Warmup: 2)
=================================================================

AIxeleratorService: suffix = .pt
AIxeleratorService: suffix = .pt
AIxeleratorService: suffix = .pt
AIxeleratorService: suffix = .pt
AIxeleratorService: suffix = .pt
AIxeleratorService: suffix = .pt
AIxeleratorService: suffix = .pt
AIxeleratorService: suffix = .pt
AIxeleratorService: suffix = .pt
AIxeleratorService: suffix = .pt
AIxeleratorService: suffix = .pt
AIxeleratorService: suffix = .pt
AIxeleratorService: suffix = .pt
AIxeleratorService: suffix = .pt
AIxeleratorService: suffix = .pt
AIxeleratorService: suffix = .pt
AIxeleratorService: suffix = .pt
AIxeleratorService: suffix = .pt
AIxeleratorService: suffix = .pt
AIxeleratorService: suffix = .pt
Rank 6/20 on its local machine is 6/20
Rank 4/20 on its local machine is 4/20
Rank 12/20 on its local machine is 12/20
Rank 11/20 on its local machine is 11/20
Rank 8/20 on its local machine is 8/20
Rank 16/20 on its local machine is 16/20
Rank 17/20 on its local machine is 17/20
Rank 10/20 on its local machine is 10/20
Rank 13/20 on its local machine is 13/20
Rank 18/20 on its local machine is 18/20
Rank 2/20 on its local machine is 2/20
Rank 1/20 on its local machine is 1/20
Rank 7/20 on its local machine is 7/20
Rank 19/20 on its local machine is 19/20
Rank 0/20 on its local machine is 0/20
Rank 9/20 on its local machine is 9/20
Rank 15/20 on its local machine is 15/20
Rank 3/20 on its local machine is 3/20
Rank 14/20 on its local machine is 14/20
Rank 5/20 on its local machine is 5/20
Rank 2/20 on its local machine is 2/20 and has access to 1 devices!
Rank 13/20 on its local machine is 13/20 and has access to 1 devices!
Rank 8/20 on its local machine is 8/20 and has access to 1 devices!
Rank 0/20 on its local machine is 0/20 and has access to 1 devices!
Rank 0/20 on its local machine is 0/20 is the GPU controller!
Rank 4/20 on its local machine is 4/20 and has access to 1 devices!
Rank 18/20 on its local machine is 18/20 and has access to 1 devices!
Rank 1/20 on its local machine is 1/20 and has access to 1 devices!
Rank 5/20 on its local machine is 5/20 and has access to 1 devices!
Rank 15/20 on its local machine is 15/20 and has access to 1 devices!
Rank 6/20 on its local machine is 6/20 and has access to 1 devices!
Rank 14/20 on its local machine is 14/20 and has access to 1 devices!
Rank 16/20 on its local machine is 16/20 and has access to 1 devices!
Rank 11/20 on its local machine is 11/20 and has access to 1 devices!
Rank 17/20 on its local machine is 17/20 and has access to 1 devices!
Rank 19/20 on its local machine is 19/20 and has access to 1 devices!
Rank 9/20 on its local machine is 9/20 and has access to 1 devices!
Rank 10/20 on its local machine is 10/20 and has access to 1 devices!
Rank 3/20 on its local machine is 3/20 and has access to 1 devices!
Rank 7/20 on its local machine is 7/20 and has access to 1 devices!
Rank 12/20 on its local machine is 12/20 and has access to 1 devices!
Rank 13/20 knows that there is a total of 1 GPUs across all systems
Rank 12/20 knows that there is a total of 1 GPUs across all systems
Rank 2/20 knows that there is a total of 1 GPUs across all systems
Rank 3/20 knows that there is a total of 1 GPUs across all systems
Rank 17/20 knows that there is a total of 1 GPUs across all systems
Rank 9/20 knows that there is a total of 1 GPUs across all systems
Rank 14/20 knows that there is a total of 1 GPUs across all systems
Rank 4/20 knows that there is a total of 1 GPUs across all systems
Rank 1/20 knows that there is a total of 1 GPUs across all systems
Rank 18/20 knows that there is a total of 1 GPUs across all systems
Rank 5/20 knows that there is a total of 1 GPUs across all systems
Rank 10/20 knows that there is a total of 1 GPUs across all systems
Rank 6/20 knows that there is a total of 1 GPUs across all systems
Rank 15/20 knows that there is a total of 1 GPUs across all systems
Rank 0/20 knows that there is a total of 1 GPUs across all systems
Rank 7/20 knows that there is a total of 1 GPUs across all systems
Rank 8/20 knows that there is a total of 1 GPUs across all systems
Rank 11/20 knows that there is a total of 1 GPUs across all systems
Rank 19/20 knows that there is a total of 1 GPUs across all systems
Rank 16/20 knows that there is a total of 1 GPUs across all systems
Rank 9/20 will be in group 0 order 10
Rank 8/20 will be in group 0 order 9
Rank 4/20 will be in group 0 order 5
Rank 7/20 will be in group 0 order 8
Rank 10/20 will be in group 0 order 11
Rank 6/20 will be in group 0 order 7
Rank 1/20 will be in group 0 order 2
Rank 2/20 will be in group 0 order 3
Rank 3/20 will be in group 0 order 4
Rank 5/20 will be in group 0 order 6
Rank 17/20 will be in group 0 order 18
Rank 15/20 will be in group 0 order 16
Rank 0/20 will be in group 0 order 0
Rank 13/20 will be in group 0 order 14
Rank 14/20 will be in group 0 order 15
Rank 11/20 will be in group 0 order 12
Rank 19/20 will be in group 0 order 20
Rank 16/20 will be in group 0 order 17
Rank 12/20 will be in group 0 order 13
Rank 18/20 will be in group 0 order 19
Rank 16/20 got id of 16/20
Rank 13/20 got id of 13/20
Rank 8/20 got id of 8/20
Rank 6/20 got id of 6/20
Rank 1/20 got id of 1/20
Rank 2/20 got id of 2/20
Rank 4/20 got id of 4/20
Rank 14/20 got id of 14/20
Rank 12/20 got id of 12/20
Rank 3/20 got id of 3/20
Rank 7/20 got id of 7/20
Rank 5/20 got id of 5/20
Rank 10/20 got id of 10/20
Rank 17/20 got id of 17/20
Rank 15/20 got id of 15/20
Rank 11/20 got id of 11/20
Rank 0/20 got id of 0/20
Rank 19/20 got id of 19/20
Rank 9/20 got id of 9/20
Rank 18/20 got id of 18/20
CMI initialized successfully. Starting benchmark steps...

AIxeleratorService: gathering input data
AIxeleratorService: inference on device
AIxeleratorService: inference on host
AIxeleratorService: scattering output data
STEP_TIMING step=1 latency_ms=1015.31 min_ms=1008.96 avg_ms=1012.38 total_samples=2000000 throughput_samples_sec=1969846
AIxeleratorService: gathering input data
AIxeleratorService: inference on device
AIxeleratorService: inference on host
AIxeleratorService: scattering output data
STEP_TIMING step=2 latency_ms=40.59 min_ms=39.64 avg_ms=40.16 total_samples=2000000 throughput_samples_sec=49269122
AIxeleratorService: gathering input data
AIxeleratorService: inference on device
AIxeleratorService: inference on host
AIxeleratorService: scattering output data
STEP_TIMING step=3 latency_ms=38.74 min_ms=37.85 avg_ms=38.34 total_samples=2000000 throughput_samples_sec=51631228
AIxeleratorService: gathering input data
AIxeleratorService: inference on device
AIxeleratorService: inference on host
AIxeleratorService: scattering output data
STEP_TIMING step=4 latency_ms=35.83 min_ms=34.95 avg_ms=35.44 total_samples=2000000 throughput_samples_sec=55821417
AIxeleratorService: gathering input data
AIxeleratorService: inference on device
AIxeleratorService: inference on host
AIxeleratorService: scattering output data
STEP_TIMING step=5 latency_ms=35.13 min_ms=34.25 avg_ms=34.74 total_samples=2000000 throughput_samples_sec=56923960
AIxeleratorService: gathering input data
AIxeleratorService: inference on device
AIxeleratorService: inference on host
AIxeleratorService: scattering output data
STEP_TIMING step=6 latency_ms=34.62 min_ms=33.70 avg_ms=34.22 total_samples=2000000 throughput_samples_sec=57761931
AIxeleratorService: gathering input data
AIxeleratorService: inference on device
AIxeleratorService: inference on host
AIxeleratorService: scattering output data
STEP_TIMING step=7 latency_ms=34.44 min_ms=33.52 avg_ms=34.03 total_samples=2000000 throughput_samples_sec=58080042
AIxeleratorService: gathering input data
AIxeleratorService: inference on device
AIxeleratorService: inference on host
AIxeleratorService: scattering output data
STEP_TIMING step=8 latency_ms=34.38 min_ms=33.47 avg_ms=33.98 total_samples=2000000 throughput_samples_sec=58173350
AIxeleratorService: gathering input data
AIxeleratorService: inference on device
AIxeleratorService: inference on host
AIxeleratorService: scattering output data
STEP_TIMING step=9 latency_ms=34.83 min_ms=33.49 avg_ms=34.10 total_samples=2000000 throughput_samples_sec=57423506
AIxeleratorService: gathering input data
AIxeleratorService: inference on device
AIxeleratorService: inference on host
AIxeleratorService: scattering output data
STEP_TIMING step=10 latency_ms=34.44 min_ms=33.39 avg_ms=34.03 total_samples=2000000 throughput_samples_sec=58073141
AIxeleratorService: gathering input data
AIxeleratorService: inference on device
AIxeleratorService: inference on host
AIxeleratorService: scattering output data
STEP_TIMING step=11 latency_ms=34.80 min_ms=33.38 avg_ms=34.07 total_samples=2000000 throughput_samples_sec=57472827
AIxeleratorService: gathering input data
AIxeleratorService: inference on device
AIxeleratorService: inference on host
AIxeleratorService: scattering output data
STEP_TIMING step=12 latency_ms=34.58 min_ms=33.39 avg_ms=33.95 total_samples=2000000 throughput_samples_sec=57834829

=================================================================
=== Benchmark Summary (Steady-State Steps 3 to 12) ===
=================================================================
Steady Step Count:   10
Median Latency:      34.80 ms
Mean Latency:        35.18 ms
Min Latency:         34.38 ms
Max Latency:         38.74 ms
Median Throughput:   57472827 samples/sec
=================================================================
