=================================================================
=== CMI Batch & Memory Calibration Benchmark Harness          ===
=================================================================
Provider:           aix
Config:             /rwthfs/rz/cluster/hpcwork/ro092286/smartsim/batch_memory_benchmark/configs/aix.toml
Model Path:         /rwthfs/rz/cluster/hpcwork/ro092286/smartsim/batch_memory_benchmark/../mini_app/train_models/model_a/watercnn_cuda.pt
Solver Ranks:       20 (World size: 20)
Samples per Rank:   100000
Total Work/Step:    2000000 samples
Target Batch Size:  100000
SmartSim Min Batch: 0 (timeout=0 ms)
Total Steps:        12 (Warmup: 2)
=================================================================

AIxeleratorService: suffix = .pt
AIxeleratorService: suffix = .pt
AIxeleratorService: suffix = .pt
AIxeleratorService: suffix = .pt
AIxeleratorService: suffix = .pt
AIxeleratorService: suffix = .pt
AIxeleratorService: suffix = .pt
AIxeleratorService: suffix = .pt
AIxeleratorService: suffix = .pt
AIxeleratorService: suffix = .pt
AIxeleratorService: suffix = .pt
AIxeleratorService: suffix = .pt
AIxeleratorService: suffix = .pt
AIxeleratorService: suffix = .pt
AIxeleratorService: suffix = .pt
AIxeleratorService: suffix = .pt
AIxeleratorService: suffix = .pt
AIxeleratorService: suffix = .pt
AIxeleratorService: suffix = .pt
AIxeleratorService: suffix = .pt
Rank 3/20 on its local machine is 3/20
Rank 15/20 on its local machine is 15/20
Rank 2/20 on its local machine is 2/20
Rank 18/20 on its local machine is 18/20
Rank 1/20 on its local machine is 1/20
Rank 5/20 on its local machine is 5/20
Rank 12/20 on its local machine is 12/20
Rank 13/20 on its local machine is 13/20
Rank 0/20 on its local machine is 0/20
Rank 8/20 on its local machine is 8/20
Rank 4/20 on its local machine is 4/20
Rank 14/20 on its local machine is 14/20
Rank 7/20 on its local machine is 7/20
Rank 10/20 on its local machine is 10/20
Rank 17/20 on its local machine is 17/20
Rank 19/20 on its local machine is 19/20
Rank 16/20 on its local machine is 16/20
Rank 9/20 on its local machine is 9/20
Rank 6/20 on its local machine is 6/20
Rank 11/20 on its local machine is 11/20
Rank 5/20 on its local machine is 5/20 and has access to 1 devices!
Rank 18/20 on its local machine is 18/20 and has access to 1 devices!
Rank 15/20 on its local machine is 15/20 and has access to 1 devices!
Rank 16/20 on its local machine is 16/20 and has access to 1 devices!
Rank 14/20 on its local machine is 14/20 and has access to 1 devices!
Rank 11/20 on its local machine is 11/20 and has access to 1 devices!
Rank 10/20 on its local machine is 10/20 and has access to 1 devices!
Rank 7/20 on its local machine is 7/20 and has access to 1 devices!
Rank 0/20 on its local machine is 0/20 and has access to 1 devices!
Rank 0/20 on its local machine is 0/20 is the GPU controller!
Rank 1/20 on its local machine is 1/20 and has access to 1 devices!
Rank 6/20 on its local machine is 6/20 and has access to 1 devices!
Rank 12/20 on its local machine is 12/20 and has access to 1 devices!
Rank 17/20 on its local machine is 17/20 and has access to 1 devices!
Rank 3/20 on its local machine is 3/20 and has access to 1 devices!
Rank 13/20 on its local machine is 13/20 and has access to 1 devices!
Rank 4/20 on its local machine is 4/20 and has access to 1 devices!
Rank 19/20 on its local machine is 19/20 and has access to 1 devices!
Rank 8/20 on its local machine is 8/20 and has access to 1 devices!
Rank 2/20 on its local machine is 2/20 and has access to 1 devices!
Rank 9/20 on its local machine is 9/20 and has access to 1 devices!
Rank 8/20 knows that there is a total of 1 GPUs across all systems
Rank 5/20 knows that there is a total of 1 GPUs across all systems
Rank 0/20 knows that there is a total of 1 GPUs across all systems
Rank 1/20 knows that there is a total of 1 GPUs across all systems
Rank 10/20 knows that there is a total of 1 GPUs across all systems
Rank 12/20 knows that there is a total of 1 GPUs across all systems
Rank 4/20 knows that there is a total of 1 GPUs across all systems
Rank 18/20 knows that there is a total of 1 GPUs across all systems
Rank 3/20 knows that there is a total of 1 GPUs across all systems
Rank 16/20 knows that there is a total of 1 GPUs across all systems
Rank 2/20 knows that there is a total of 1 GPUs across all systems
Rank 9/20 knows that there is a total of 1 GPUs across all systems
Rank 14/20 knows that there is a total of 1 GPUs across all systems
Rank 6/20 knows that there is a total of 1 GPUs across all systems
Rank 7/20 knows that there is a total of 1 GPUs across all systems
Rank 19/20 knows that there is a total of 1 GPUs across all systems
Rank 13/20 knows that there is a total of 1 GPUs across all systems
Rank 11/20 knows that there is a total of 1 GPUs across all systems
Rank 15/20 knows that there is a total of 1 GPUs across all systems
Rank 17/20 knows that there is a total of 1 GPUs across all systems
Rank 3/20 will be in group 0 order 4
Rank 12/20 will be in group 0 order 13
Rank 19/20 will be in group 0 order 20
Rank 16/20 will be in group 0 order 17
Rank 4/20 will be in group 0 order 5
Rank 2/20 will be in group 0 order 3
Rank 8/20 will be in group 0 order 9
Rank 9/20 will be in group 0 order 10
Rank 6/20 will be in group 0 order 7
Rank 7/20 will be in group 0 order 8
Rank 0/20 will be in group 0 order 0
Rank 1/20 will be in group 0 order 2
Rank 10/20 will be in group 0 order 11
Rank 11/20 will be in group 0 order 12
Rank 13/20 will be in group 0 order 14
Rank 15/20 will be in group 0 order 16
Rank 14/20 will be in group 0 order 15
Rank 5/20 will be in group 0 order 6
Rank 18/20 will be in group 0 order 19
Rank 17/20 will be in group 0 order 18
Rank 16/20 got id of 16/20
Rank 4/20 got id of 4/20
Rank 2/20 got id of 2/20
Rank 14/20 got id of 14/20
Rank 8/20 got id of 8/20
Rank 15/20 got id of 15/20
Rank 5/20 got id of 5/20
Rank 9/20 got id of 9/20
Rank 6/20 got id of 6/20
Rank 17/20 got id of 17/20
Rank 7/20 got id of 7/20
Rank 0/20 got id of 0/20
Rank 11/20 got id of 11/20
Rank 1/20 got id of 1/20
Rank 18/20 got id of 18/20
Rank 3/20 got id of 3/20
Rank 10/20 got id of 10/20
Rank 12/20 got id of 12/20
Rank 19/20 got id of 19/20
Rank 13/20 got id of 13/20
CMI initialized successfully. Starting benchmark steps...

AIxeleratorService: gathering input data
AIxeleratorService: inference on device
AIxeleratorService: inference on host
AIxeleratorService: scattering output data
STEP_TIMING step=1 latency_ms=14081.65 min_ms=14072.44 avg_ms=14077.40 total_samples=2000000 throughput_samples_sec=142029
AIxeleratorService: gathering input data
AIxeleratorService: inference on device
AIxeleratorService: inference on host
AIxeleratorService: scattering output data
STEP_TIMING step=2 latency_ms=37.88 min_ms=36.86 avg_ms=37.43 total_samples=2000000 throughput_samples_sec=52798931
AIxeleratorService: gathering input data
AIxeleratorService: inference on device
AIxeleratorService: inference on host
AIxeleratorService: scattering output data
STEP_TIMING step=3 latency_ms=36.62 min_ms=35.73 avg_ms=36.22 total_samples=2000000 throughput_samples_sec=54612611
AIxeleratorService: gathering input data
AIxeleratorService: inference on device
AIxeleratorService: inference on host
AIxeleratorService: scattering output data
STEP_TIMING step=4 latency_ms=35.04 min_ms=34.15 avg_ms=34.65 total_samples=2000000 throughput_samples_sec=57083381
AIxeleratorService: gathering input data
AIxeleratorService: inference on device
AIxeleratorService: inference on host
AIxeleratorService: scattering output data
STEP_TIMING step=5 latency_ms=33.22 min_ms=32.35 avg_ms=32.83 total_samples=2000000 throughput_samples_sec=60206298
AIxeleratorService: gathering input data
AIxeleratorService: inference on device
AIxeleratorService: inference on host
AIxeleratorService: scattering output data
STEP_TIMING step=6 latency_ms=32.50 min_ms=31.60 avg_ms=32.10 total_samples=2000000 throughput_samples_sec=61544639
AIxeleratorService: gathering input data
AIxeleratorService: inference on device
AIxeleratorService: inference on host
AIxeleratorService: scattering output data
STEP_TIMING step=7 latency_ms=32.22 min_ms=31.31 avg_ms=31.82 total_samples=2000000 throughput_samples_sec=62076304
AIxeleratorService: gathering input data
AIxeleratorService: inference on device
AIxeleratorService: inference on host
AIxeleratorService: scattering output data
STEP_TIMING step=8 latency_ms=32.40 min_ms=31.51 avg_ms=32.01 total_samples=2000000 throughput_samples_sec=61724812
AIxeleratorService: gathering input data
AIxeleratorService: inference on device
AIxeleratorService: inference on host
AIxeleratorService: scattering output data
STEP_TIMING step=9 latency_ms=32.62 min_ms=31.72 avg_ms=32.22 total_samples=2000000 throughput_samples_sec=61314253
AIxeleratorService: gathering input data
AIxeleratorService: inference on device
AIxeleratorService: inference on host
AIxeleratorService: scattering output data
STEP_TIMING step=10 latency_ms=32.38 min_ms=31.49 avg_ms=31.98 total_samples=2000000 throughput_samples_sec=61772028
AIxeleratorService: gathering input data
AIxeleratorService: inference on device
AIxeleratorService: inference on host
AIxeleratorService: scattering output data
STEP_TIMING step=11 latency_ms=32.32 min_ms=31.43 avg_ms=31.93 total_samples=2000000 throughput_samples_sec=61872792
AIxeleratorService: gathering input data
AIxeleratorService: inference on device
AIxeleratorService: inference on host
AIxeleratorService: scattering output data
STEP_TIMING step=12 latency_ms=32.07 min_ms=31.18 avg_ms=31.68 total_samples=2000000 throughput_samples_sec=62361371

=================================================================
=== Benchmark Summary (Steady-State Steps 3 to 12) ===
=================================================================
Steady Step Count:   10
Median Latency:      32.50 ms
Mean Latency:        33.14 ms
Min Latency:         32.07 ms
Max Latency:         36.62 ms
Median Throughput:   61544639 samples/sec
=================================================================
