[DL] Starting Python DL Client...
[DL] Importing mpi4py...
[DL] mpi4py imported successfully. MPI world size = 21 rank = 20
[DL] Importing torch...
[DL] torch imported successfully.
[DL] ENABLE_SCOREP_USER not set to 1.
[DL] Entering world_comm.Split(color=MPI.UNDEFINED)
[DL] Returned from world_comm.Split
[DL] constructing PhyDLL...
[DL] calling dll.init(...)
=================================================================
=== CMI Batch & Memory Calibration Benchmark Harness          ===
=================================================================
Provider:           phydll
Config:             /rwthfs/rz/cluster/hpcwork/ro092286/smartsim/batch_memory_benchmark/configs/phydll_uniform.toml
Model Path:         /rwthfs/rz/cluster/hpcwork/ro092286/smartsim/batch_memory_benchmark/../mini_app/train_models/model_a/watercnn_cuda.pt
Solver Ranks:       20 (World size: 21)
Samples per Rank:   100000
Total Work/Step:    2000000 samples
Target Batch Size:  100000
SmartSim Min Batch: 0 (timeout=0 ms)
Total Steps:        12 (Warmup: 2)
=================================================================

[ERROR] Failed to create application instance of class: MLCouplingApplicationBenchmark
[ERROR] Failed to create instance of class: MLCouplingApplicationBenchmark
[ERROR] Resolved class name: MLCouplingApplicationBenchmark
[ERROR] Provided parameters:
[ERROR]   input_data_after_preprocessing = Unknown type     (config parsed type: unknown)
[ERROR]   output_data_before_postprocessing = Unknown type  (config parsed type: unknown)
[ERROR]   output_data = Unknown type                        (config parsed type: unknown)
[ERROR]   input_data = Unknown type                         (config parsed type: unknown)
[ERROR] Available module instances that could be used as parameters:
[ERROR]   MLCouplingMinMaxNormalization
[[INFO] No constructors found for MLCouplingApplicationBenchmark
ERROR] Note: The config parsing uses types that may be automatically cast to fit the constructor parameters. For example, all integer values in the config are parsed as int64_t, but if the constructor expects an int, it will be cast accordingly. If there is a type mismatch that cannot be resolved, the constructor will fail.
CMI initialized successfully. Starting benchmark steps...

[r23g0004:451803:0:451803] Caught signal 11 (Segmentation fault: address not mapped to object at address 0x18)
[r23g0004:451804:0:451804] Caught signal 11 (Segmentation fault: address not mapped to object at address 0x18)
[r23g0004:451805:0:451805] Caught signal 11 (Segmentation fault: address not mapped to object at address 0x18)
[r23g0004:451806:0:451806] Caught signal 11 (Segmentation fault: address not mapped to object at address 0x18)
[r23g0004:451807:0:451807] Caught signal 11 (Segmentation fault: address not mapped to object at address 0x18)
[r23g0004:451808:0:451808] Caught signal 11 (Segmentation fault: address not mapped to object at address 0x18)
[r23g0004:451809:0:451809] Caught signal 11 (Segmentation fault: address not mapped to object at address 0x18)
[r23g0004:451798:0:451798] Caught signal 11 (Segmentation fault: address not mapped to object at address 0x18)
[r23g0004:451799:0:451799] Caught signal 11 (Segmentation fault: address not mapped to object at address 0x18)
[r23g0004:451800:0:451800] Caught signal 11 (Segmentation fault: address not mapped to object at address 0x18)
[r23g0004:451801:0:451801] Caught signal 11 (Segmentation fault: address not mapped to object at address 0x18)
[r23g0004:451802:0:451802] Caught signal 11 (Segmentation fault: address not mapped to object at address 0x18)
[r23g0004:451795:0:451795] Caught signal 11 (Segmentation fault: address not mapped to object at address 0x18)
[r23g0004:451796:0:451796] Caught signal 11 (Segmentation fault: address not mapped to object at address 0x18)
[r23g0004:451797:0:451797] Caught signal 11 (Segmentation fault: address not mapped to object at address 0x18)
[r23g0004:451810:0:451810] Caught signal 11 (Segmentation fault: address not mapped to object at address 0x18)
[r23g0004:451811:0:451811] Caught signal 11 (Segmentation fault: address not mapped to object at address 0x18)
[r23g0004:451812:0:451812] Caught signal 11 (Segmentation fault: address not mapped to object at address 0x18)
[r23g0004:451813:0:451813] Caught signal 11 (Segmentation fault: address not mapped to object at address 0x18)
[r23g0004:451794:0:451794] Caught signal 11 (Segmentation fault: address not mapped to object at address 0x18)
==== backtrace (tid: 451800) ====
 0 0x000000000003fb30 __GI___sigaction()  :0
 1 0x0000000000410ac7 main()  ???:0
 2 0x000000000002a610 __libc_start_call_main()  ???:0
 3 0x000000000002a6c0 __libc_start_main_alias_2()  :0
 4 0x0000000000411dc5 _start()  ???:0
=================================
[r23g0004:451800] *** Process received signal ***
[r23g0004:451800] Signal: Segmentation fault (11)
[r23g0004:451800] Signal code:  (-6)
[r23g0004:451800] Failing at address: 0x8af40006e4d8
==== backtrace (tid: 451804) ====
 0 0x000000000003fb30 __GI___sigaction()  :0
 1 0x0000000000410ac7 main()  ???:0
 2 0x000000000002a610 __libc_start_call_main()  ???:0
 3 0x000000000002a6c0 __libc_start_main_alias_2()  :0
 4 0x0000000000411dc5 _start()  ???:0
=================================
[r23g0004:451804] *** Process received signal ***
[r23g0004:451804] Signal: Segmentation fault (11)
[r23g0004:451804] Signal code:  (-6)
[r23g0004:451804] Failing at address: 0x8af40006e4dc
[r23g0004:451800] [ 0] [r23g0004:451804] [ 0] /lib64/libc.so.6(+0x3fb30)[0x1546cda3fb30]
[r23g0004:451800] [ 1] /lib64/libc.so.6(+0x3fb30)[0x148397a3fb30]
[r23g0004:451804] [ 1] /rwthfs/rz/cluster/hpcwork/ro092286/smartsim/batch_memory_benchmark/build/fake_solver[0x410ac7]
[r23g0004:451800] [ 2] /rwthfs/rz/cluster/hpcwork/ro092286/smartsim/batch_memory_benchmark/build/fake_solver[0x410ac7]
[r23g0004:451804] [ 2] /lib64/libc.so.6(+0x2a610)[0x1546cda2a610]
[r23g0004:451800] [ 3] /lib64/libc.so.6(+0x2a610)[0x148397a2a610]
[r23g0004:451804] [ 3] /lib64/libc.so.6(__libc_start_main+0x80)[0x1546cda2a6c0]
[r23g0004:451800] [ 4] /rwthfs/rz/cluster/hpcwork/ro092286/smartsim/batch_memory_benchmark/build/fake_solver[0x411dc5]
[r23g0004:451800] *** End of error message ***
/lib64/libc.so.6(__libc_start_main+0x80)[0x148397a2a6c0]
[r23g0004:451804] [ 4] /rwthfs/rz/cluster/hpcwork/ro092286/smartsim/batch_memory_benchmark/build/fake_solver[0x411dc5]
[r23g0004:451804] *** End of error message ***
==== backtrace (tid: 451805) ====
 0 0x000000000003fb30 __GI___sigaction()  :0
 1 0x0000000000410ac7 main()  ???:0
 2 0x000000000002a610 __libc_start_call_main()  ???:0
 3 0x000000000002a6c0 __libc_start_main_alias_2()  :0
 4 0x0000000000411dc5 _start()  ???:0
=================================
==== backtrace (tid: 451806) ====
 0 0x000000000003fb30 __GI___sigaction()  :0
 1 0x0000000000410ac7 main()  ???:0
 2 0x000000000002a610 __libc_start_call_main()  ???:0
==== backtrace (tid: 451797) ====
 0 0x000000000003fb30 __GI___sigaction()  :0
 1 0x0000000000410ac7 main()  ???:0
 2 0x000000000002a610 __libc_start_call_main()  ???:0
 3 0x000000000002a6c0 __libc_start_main_alias_2()  :0
 4 0x0000000000411dc5 _start()  ???:0
=================================
==== backtrace (tid: 451812) ====
 0 0x000000000003fb30 __GI___sigaction()  :0
 1 0x0000000000410ac7 main()  ???:0
 2 0x000000000002a610 __libc_start_call_main()  ???:0
==== backtrace (tid: 451813) ====
 0 0x000000000003fb30 __GI___sigaction()  :0
 1 0x0000000000410ac7 main()  ???:0
 2 0x000000000002a610 __libc_start_call_main()  ???:0
 3 0x000000000002a6c0 __libc_start_main_alias_2()  :0
 4 0x0000000000411dc5 _start()  ???:0
=================================
==== backtrace (tid: 451795) ====
 0 0x000000000003fb30 __GI___sigaction()  :0
 1 0x0000000000410ac7 main()  ???:0
 2 0x000000000002a610 __libc_start_call_main()  ???:0
 3 0x000000000002a6c0 __libc_start_main_alias_2()  :0
 4 0x0000000000411dc5 _start()  ???:0
=================================
 3 0x000000000002a6c0 __libc_start_main_alias_2()  :0
 4 0x0000000000411dc5 _start()  ???:0
=================================
==== backtrace (tid: 451807) ====
==== backtrace (tid: 451808) ====
 0 0x000000000003fb30 __GI___sigaction()  :0
 1 0x0000000000410ac7 main()  ???:0
 2 0x000000000002a610 __libc_start_call_main()  ???:0
 3 0x000000000002a6c0 __libc_start_main_alias_2()  :0
 4 0x0000000000411dc5 _start()  ???:0
=================================
 3 0x000000000002a6c0 __libc_start_main_alias_2()  :0
 4 0x0000000000411dc5 _start()  ???:0
=================================
==== backtrace (tid: 451801) ====
 0 0x000000000003fb30 __GI___sigaction()  :0
 1 0x0000000000410ac7 main()  ???:0
 2 0x000000000002a610 __libc_start_call_main()  ???:0
 3 0x000000000002a6c0 __libc_start_main_alias_2()  :0
 4 0x0000000000411dc5 _start()  ???:0
=================================
[r23g0004:451813] *** Process received signal ***
[r23g0004:451813] Signal: Segmentation fault (11)
[r23g0004:451813] Signal code:  (-6)
[r23g0004:451813] Failing at address: 0x8af40006e4e5
==== backtrace (tid: 451796) ====
 0 0x000000000003fb30 __GI___sigaction()  :0
 1 0x0000000000410ac7 main()  ???:0
 2 0x000000000002a610 __libc_start_call_main()  ???:0
 3 0x000000000002a6c0 __libc_start_main_alias_2()  :0
 4 0x0000000000411dc5 _start()  ???:0
=================================
==== backtrace (tid: 451809) ====
 0 0x000000000003fb30 __GI___sigaction()  :0
 1 0x0000000000410ac7 main()  ???:0
 2 0x000000000002a610 __libc_start_call_main()  ???:0
 3 0x000000000002a6c0 __libc_start_main_alias_2()  :0
 4 0x0000000000411dc5 _start()  ???:0
=================================
==== backtrace (tid: 451798) ====
 0 0x000000000003fb30 __GI___sigaction()  :0
 1 0x0000000000410ac7 main()  ???:0
 2 0x000000000002a610 __libc_start_call_main()  ???:0
 3 0x000000000002a6c0 __libc_start_main_alias_2()  :0
 4 0x0000000000411dc5 _start()  ???:0
=================================
[r23g0004:451805] *** Process received signal ***
[r23g0004:451805] Signal: Segmentation fault (11)
[r23g0004:451805] Signal code:  (-6)
[r23g0004:451805] Failing at address: 0x8af40006e4dd
[r23g0004:451805] [ 0] [r23g0004:451806] *** Process received signal ***
[r23g0004:451806] Signal: Segmentation fault (11)
[r23g0004:451806] Signal code:  (-6)
[r23g0004:451806] Failing at address: 0x8af40006e4de
 0 0x000000000003fb30 __GI___sigaction()  :0
 1 0x0000000000410ac7 main()  ???:0
 2 0x000000000002a610 __libc_start_call_main()  ???:0
 3 0x000000000002a6c0 __libc_start_main_alias_2()  :0
 4 0x0000000000411dc5 _start()  ???:0
=================================
[r23g0004:451807] *** Process received signal ***
==== backtrace (tid: 451811) ====
 0 0x000000000003fb30 __GI___sigaction()  :0
 1 0x0000000000410ac7 main()  ???:0
 2 0x000000000002a610 __libc_start_call_main()  ???:0
 3 0x000000000002a6c0 __libc_start_main_alias_2()  :0
 4 0x0000000000411dc5 _start()  ???:0
=================================
[r23g0004:451797] *** Process received signal ***
[r23g0004:451797] Signal: Segmentation fault (11)
[r23g0004:451797] Signal code:  (-6)
[r23g0004:451797] Failing at address: 0x8af40006e4d5
[r23g0004:451797] [ 0] [r23g0004:451806] [ 0] [r23g0004:451795] *** Process received signal ***
[r23g0004:451795] Signal: Segmentation fault (11)
[r23g0004:451795] Signal code:  (-6)
[r23g0004:451795] Failing at address: 0x8af40006e4d3
[r23g0004:451795] [ 0] ==== backtrace (tid: 451810) ====
 0 0x000000000003fb30 __GI___sigaction()  :0
 1 0x0000000000410ac7 main()  ???:0
 2 0x000000000002a610 __libc_start_call_main()  ???:0
 3 0x000000000002a6c0 __libc_start_main_alias_2()  :0
 4 0x0000000000411dc5 _start()  ???:0
=================================
[r23g0004:451807] Signal: Segmentation fault (11)
[r23g0004:451807] Signal code:  (-6)
[r23g0004:451807] Failing at address: 0x8af40006e4df
[r23g0004:451811] *** Process received signal ***
[r23g0004:451811] Signal: Segmentation fault (11)
[r23g0004:451811] Signal code:  (-6)
[r23g0004:451811] Failing at address: 0x8af40006e4e3
[r23g0004:451808] *** Process received signal ***
[r23g0004:451808] Signal: Segmentation fault (11)
[r23g0004:451808] Signal code:  (-6)
[r23g0004:451808] Failing at address: 0x8af40006e4e0
[r23g0004:451808] [ 0] ==== backtrace (tid: 451802) ====
 0 0x000000000003fb30 __GI___sigaction()  :0
 1 0x0000000000410ac7 main()  ???:0
 2 0x000000000002a610 __libc_start_call_main()  ???:0
 3 0x000000000002a6c0 __libc_start_main_alias_2()  :0
 4 0x0000000000411dc5 _start()  ???:0
=================================
[r23g0004:451801] *** Process received signal ***
[r23g0004:451801] Signal: Segmentation fault (11)
[r23g0004:451801] Signal code:  (-6)
[r23g0004:451801] Failing at address: 0x8af40006e4d9
[r23g0004:451801] [ 0] [r23g0004:451813] [ 0] /lib64/libc.so.6(+0x3fb30)[0x151f1b83fb30]
[r23g0004:451813] [ 1] [r23g0004:451809] *** Process received signal ***
[r23g0004:451809] Signal: Segmentation fault (11)
[r23g0004:451809] Signal code:  (-6)
[r23g0004:451809] Failing at address: 0x8af40006e4e1
[r23g0004:451809] [ 0] ==== backtrace (tid: 451799) ====
 0 0x000000000003fb30 __GI___sigaction()  :0
 1 0x0000000000410ac7 main()  ???:0
 2 0x000000000002a610 __libc_start_call_main()  ???:0
 3 0x000000000002a6c0 __libc_start_main_alias_2()  :0
 4 0x0000000000411dc5 _start()  ???:0
=================================
==== backtrace (tid: 451794) ====
 0 0x000000000003fb30 __GI___sigaction()  :0
 1 0x0000000000410ac7 main()  ???:0
 2 0x000000000002a610 __libc_start_call_main()  ???:0
 3 0x000000000002a6c0 __libc_start_main_alias_2()  :0
 4 0x0000000000411dc5 _start()  ???:0
=================================
[r23g0004:451812] *** Process received signal ***
[r23g0004:451812] Signal: Segmentation fault (11)
[r23g0004:451812] Signal code:  (-6)
[r23g0004:451812] Failing at address: 0x8af40006e4e4
[r23g0004:451812] [ 0] [r23g0004:451798] *** Process received signal ***
[r23g0004:451798] Signal: Segmentation fault (11)
[r23g0004:451798] Signal code:  (-6)
[r23g0004:451798] Failing at address: 0x8af40006e4d6
[r23g0004:451798] [ 0] /lib64/libc.so.6(+0x3fb30)[0x14898d43fb30]
[r23g0004:451805] [ 1] /rwthfs/rz/cluster/hpcwork/ro092286/smartsim/batch_memory_benchmark/build/fake_solver[0x410ac7]
[r23g0004:451805] [ 2] [r23g0004:451794] *** Process received signal ***
[r23g0004:451794] Signal: Segmentation fault (11)
[r23g0004:451794] Signal code:  (-6)
[r23g0004:451794] Failing at address: 0x8af40006e4d2
/lib64/libc.so.6(+0x3fb30)[0x14682543fb30]
[r23g0004:451812] [ 1] /rwthfs/rz/cluster/hpcwork/ro092286/smartsim/batch_memory_benchmark/build/fake_solver[0x410ac7]
/lib64/libc.so.6(+0x3fb30)[0x14ab62c3fb30]
[r23g0004:451797] [ 1] /rwthfs/rz/cluster/hpcwork/ro092286/smartsim/batch_memory_benchmark/build/fake_solver[0x410ac7]
[r23g0004:451797] [ 2] /lib64/libc.so.6(+0x3fb30)[0x14928983fb30]
[r23g0004:451806] [ 1] /rwthfs/rz/cluster/hpcwork/ro092286/smartsim/batch_memory_benchmark/build/fake_solver[0x410ac7]
[r23g0004:451806] [ 2] /lib64/libc.so.6(+0x2a610)[0x14928982a610]
[r23g0004:451806] [ 3] /lib64/libc.so.6(+0x3fb30)[0x14d73b43fb30]
[r23g0004:451795] [ 1] /rwthfs/rz/cluster/hpcwork/ro092286/smartsim/batch_memory_benchmark/build/fake_solver[0x410ac7]
[r23g0004:451795] [ 2] [r23g0004:451810] *** Process received signal ***
[r23g0004:451810] Signal: Segmentation fault (11)
[r23g0004:451810] Signal code:  (-6)
[r23g0004:451810] Failing at address: 0x8af40006e4e2
[r23g0004:451810] [ 0] [r23g0004:451807] [ 0] /lib64/libc.so.6(+0x3fb30)[0x150c3983fb30]
[r23g0004:451807] [ 1] /rwthfs/rz/cluster/hpcwork/ro092286/smartsim/batch_memory_benchmark/build/fake_solver[0x410ac7]
[r23g0004:451811] [ 0] /lib64/libc.so.6(+0x3fb30)[0x151469e3fb30]
[r23g0004:451811] [ 1] /rwthfs/rz/cluster/hpcwork/ro092286/smartsim/batch_memory_benchmark/build/fake_solver[0x410ac7]
[r23g0004:451811] [ 2] /lib64/libc.so.6(+0x2a610)[0x151469e2a610]
[r23g0004:451811] [ 3] [r23g0004:451796] *** Process received signal ***
[r23g0004:451796] Signal: Segmentation fault (11)
[r23g0004:451796] Signal code:  (-6)
[r23g0004:451796] Failing at address: 0x8af40006e4d4
[r23g0004:451796] [ 0] /lib64/libc.so.6(+0x3fb30)[0x14b6fe03fb30]
[r23g0004:451796] [ 1] /rwthfs/rz/cluster/hpcwork/ro092286/smartsim/batch_memory_benchmark/build/fake_solver[0x410ac7]
[r23g0004:451796] [ 2] /lib64/libc.so.6(+0x2a610)[0x14b6fe02a610]
[r23g0004:451796] [ 3] /lib64/libc.so.6(__libc_start_main+0x80)[0x14b6fe02a6c0]
[r23g0004:451796] [ 4] /rwthfs/rz/cluster/hpcwork/ro092286/smartsim/batch_memory_benchmark/build/fake_solver[0x411dc5]
[r23g0004:451796] *** End of error message ***
/rwthfs/rz/cluster/hpcwork/ro092286/smartsim/batch_memory_benchmark/build/fake_solver[0x410ac7]
[r23g0004:451813] [ 2] /lib64/libc.so.6(+0x2a610)[0x151f1b82a610]
[r23g0004:451813] [ 3] /lib64/libc.so.6(__libc_start_main+0x80)[0x151f1b82a6c0]
[r23g0004:451813] [ 4] /rwthfs/rz/cluster/hpcwork/ro092286/smartsim/batch_memory_benchmark/build/fake_solver[0x411dc5]
[r23g0004:451813] *** End of error message ***
[r23g0004:451799] *** Process received signal ***
[r23g0004:451799] Signal: Segmentation fault (11)
[r23g0004:451799] Signal code:  (-6)
[r23g0004:451799] Failing at address: 0x8af40006e4d7
[r23g0004:451799] [ 0] /lib64/libc.so.6(+0x3fb30)[0x14ab7863fb30]
[r23g0004:451799] [ 1] /rwthfs/rz/cluster/hpcwork/ro092286/smartsim/batch_memory_benchmark/build/fake_solver[0x410ac7]
[r23g0004:451799] [ 2] [r23g0004:451812] [ 2] /lib64/libc.so.6(+0x2a610)[0x14682542a610]
[r23g0004:451812] [ 3] /lib64/libc.so.6(__libc_start_main+0x80)[0x14682542a6c0]
[r23g0004:451812] [ 4] /rwthfs/rz/cluster/hpcwork/ro092286/smartsim/batch_memory_benchmark/build/fake_solver[0x411dc5]
[r23g0004:451812] *** End of error message ***
/lib64/libc.so.6(+0x2a610)[0x14ab62c2a610]
[r23g0004:451797] [ 3] /lib64/libc.so.6(__libc_start_main+0x80)[0x14ab62c2a6c0]
[r23g0004:451797] [ 4] /rwthfs/rz/cluster/hpcwork/ro092286/smartsim/batch_memory_benchmark/build/fake_solver[0x411dc5]
[r23g0004:451797] *** End of error message ***
/lib64/libc.so.6(__libc_start_main+0x80)[0x14928982a6c0]
[r23g0004:451806] [ 4] /rwthfs/rz/cluster/hpcwork/ro092286/smartsim/batch_memory_benchmark/build/fake_solver[0x411dc5]
[r23g0004:451806] *** End of error message ***
/lib64/libc.so.6(+0x2a610)[0x14d73b42a610]
[r23g0004:451795] [ 3] /lib64/libc.so.6(__libc_start_main+0x80)[0x14d73b42a6c0]
[r23g0004:451795] [ 4] /rwthfs/rz/cluster/hpcwork/ro092286/smartsim/batch_memory_benchmark/build/fake_solver[0x411dc5]
[r23g0004:451795] *** End of error message ***
/lib64/libc.so.6(+0x3fb30)[0x152ac063fb30]
[r23g0004:451810] [ 1] /rwthfs/rz/cluster/hpcwork/ro092286/smartsim/batch_memory_benchmark/build/fake_solver[0x410ac7]
[r23g0004:451810] [ 2] [r23g0004:451807] [ 2] /lib64/libc.so.6(+0x2a610)[0x150c3982a610]
[r23g0004:451807] [ 3] /lib64/libc.so.6(__libc_start_main+0x80)[0x150c3982a6c0]
[r23g0004:451807] [ 4] /rwthfs/rz/cluster/hpcwork/ro092286/smartsim/batch_memory_benchmark/build/fake_solver[0x411dc5]
[r23g0004:451807] *** End of error message ***
/lib64/libc.so.6(+0x3fb30)[0x15132403fb30]
[r23g0004:451808] [ 1] /rwthfs/rz/cluster/hpcwork/ro092286/smartsim/batch_memory_benchmark/build/fake_solver[0x410ac7]
[r23g0004:451808] [ 2] /lib64/libc.so.6(+0x2a610)[0x15132402a610]
[r23g0004:451808] [ 3] /lib64/libc.so.6(__libc_start_main+0x80)[0x15132402a6c0]
[r23g0004:451808] [ 4] /rwthfs/rz/cluster/hpcwork/ro092286/smartsim/batch_memory_benchmark/build/fake_solver[0x411dc5]
[r23g0004:451808] *** End of error message ***
[r23g0004:451802] *** Process received signal ***
[r23g0004:451802] Signal: Segmentation fault (11)
[r23g0004:451802] Signal code:  (-6)
[r23g0004:451802] Failing at address: 0x8af40006e4da
[r23g0004:451802] [ 0] /lib64/libc.so.6(+0x3fb30)[0x14ee4123fb30]
[r23g0004:451802] [ 1] /rwthfs/rz/cluster/hpcwork/ro092286/smartsim/batch_memory_benchmark/build/fake_solver[0x410ac7]
[r23g0004:451802] [ 2] /lib64/libc.so.6(+0x2a610)[0x14ee4122a610]
[r23g0004:451802] [ 3] /lib64/libc.so.6(+0x3fb30)[0x14ac0f63fb30]
[r23g0004:451801] [ 1] /rwthfs/rz/cluster/hpcwork/ro092286/smartsim/batch_memory_benchmark/build/fake_solver[0x410ac7]
[r23g0004:451801] [ 2] /lib64/libc.so.6(+0x2a610)[0x14ac0f62a610]
[r23g0004:451801] [ 3] /lib64/libc.so.6(__libc_start_main+0x80)[0x14ac0f62a6c0]
[r23g0004:451801] [ 4] /rwthfs/rz/cluster/hpcwork/ro092286/smartsim/batch_memory_benchmark/build/fake_solver[0x411dc5]
[r23g0004:451801] *** End of error message ***
/lib64/libc.so.6(__libc_start_main+0x80)[0x151469e2a6c0]
[r23g0004:451811] [ 4] /rwthfs/rz/cluster/hpcwork/ro092286/smartsim/batch_memory_benchmark/build/fake_solver[0x411dc5]
[r23g0004:451811] *** End of error message ***
/lib64/libc.so.6(+0x3fb30)[0x148a9fa3fb30]
[r23g0004:451809] [ 1] /rwthfs/rz/cluster/hpcwork/ro092286/smartsim/batch_memory_benchmark/build/fake_solver[0x410ac7]
[r23g0004:451809] [ 2] /lib64/libc.so.6(+0x2a610)[0x148a9fa2a610]
[r23g0004:451809] [ 3] /lib64/libc.so.6(__libc_start_main+0x80)[0x148a9fa2a6c0]
[r23g0004:451809] [ 4] /rwthfs/rz/cluster/hpcwork/ro092286/smartsim/batch_memory_benchmark/build/fake_solver[0x411dc5]
[r23g0004:451809] *** End of error message ***
/lib64/libc.so.6(+0x2a610)[0x14898d42a610]
[r23g0004:451805] [ 3] /lib64/libc.so.6(__libc_start_main+0x80)[0x14898d42a6c0]
[r23g0004:451805] [ 4] /rwthfs/rz/cluster/hpcwork/ro092286/smartsim/batch_memory_benchmark/build/fake_solver[0x411dc5]
[r23g0004:451805] *** End of error message ***
[r23g0004:451794] [ 0] /lib64/libc.so.6(+0x3fb30)[0x14cc3383fb30]
[r23g0004:451794] [ 1] /rwthfs/rz/cluster/hpcwork/ro092286/smartsim/batch_memory_benchmark/build/fake_solver[0x410ac7]
[r23g0004:451794] [ 2] /lib64/libc.so.6(+0x3fb30)[0x14db6c03fb30]
[r23g0004:451798] [ 1] /rwthfs/rz/cluster/hpcwork/ro092286/smartsim/batch_memory_benchmark/build/fake_solver[0x410ac7]
[r23g0004:451798] [ 2] /lib64/libc.so.6(+0x2a610)[0x14db6c02a610]
[r23g0004:451798] [ 3] /lib64/libc.so.6(__libc_start_main+0x80)[0x14db6c02a6c0]
[r23g0004:451798] [ 4] /rwthfs/rz/cluster/hpcwork/ro092286/smartsim/batch_memory_benchmark/build/fake_solver[0x411dc5]
[r23g0004:451798] *** End of error message ***
/lib64/libc.so.6(+0x2a610)[0x14ab7862a610]
[r23g0004:451799] [ 3] /lib64/libc.so.6(__libc_start_main+0x80)[0x14ab7862a6c0]
[r23g0004:451799] [ 4] /rwthfs/rz/cluster/hpcwork/ro092286/smartsim/batch_memory_benchmark/build/fake_solver[0x411dc5]
[r23g0004:451799] *** End of error message ***
/lib64/libc.so.6(+0x2a610)[0x152ac062a610]
[r23g0004:451810] [ 3] /lib64/libc.so.6(__libc_start_main+0x80)[0x14ee4122a6c0]
[r23g0004:451802] [ 4] /rwthfs/rz/cluster/hpcwork/ro092286/smartsim/batch_memory_benchmark/build/fake_solver[0x411dc5]
[r23g0004:451802] *** End of error message ***
/lib64/libc.so.6(+0x2a610)[0x14cc3382a610]
[r23g0004:451794] [ 3] /lib64/libc.so.6(__libc_start_main+0x80)[0x152ac062a6c0]
[r23g0004:451810] [ 4] /rwthfs/rz/cluster/hpcwork/ro092286/smartsim/batch_memory_benchmark/build/fake_solver[0x411dc5]
[r23g0004:451810] *** End of error message ***
/lib64/libc.so.6(__libc_start_main+0x80)[0x14cc3382a6c0]
[r23g0004:451794] [ 4] /rwthfs/rz/cluster/hpcwork/ro092286/smartsim/batch_memory_benchmark/build/fake_solver[0x411dc5]
[r23g0004:451794] *** End of error message ***
==== backtrace (tid: 451803) ====
 0 0x000000000003fb30 __GI___sigaction()  :0
 1 0x0000000000410ac7 main()  ???:0
 2 0x000000000002a610 __libc_start_call_main()  ???:0
 3 0x000000000002a6c0 __libc_start_main_alias_2()  :0
 4 0x0000000000411dc5 _start()  ???:0
=================================
[r23g0004:451803] *** Process received signal ***
[r23g0004:451803] Signal: Segmentation fault (11)
[r23g0004:451803] Signal code:  (-6)
[r23g0004:451803] Failing at address: 0x8af40006e4db
[r23g0004:451803] [ 0] /lib64/libc.so.6(+0x3fb30)[0x154ba523fb30]
[r23g0004:451803] [ 1] /rwthfs/rz/cluster/hpcwork/ro092286/smartsim/batch_memory_benchmark/build/fake_solver[0x410ac7]
[r23g0004:451803] [ 2] /lib64/libc.so.6(+0x2a610)[0x154ba522a610]
[r23g0004:451803] [ 3] /lib64/libc.so.6(__libc_start_main+0x80)[0x154ba522a6c0]
[r23g0004:451803] [ 4] /rwthfs/rz/cluster/hpcwork/ro092286/smartsim/batch_memory_benchmark/build/fake_solver[0x411dc5]
[r23g0004:451803] *** End of error message ***
--------------------------------------------------------------------------
Primary job  terminated normally, but 1 process returned
a non-zero exit code. Per user-direction, the job has been aborted.
--------------------------------------------------------------------------
--------------------------------------------------------------------------
mpirun noticed that process rank 4 with PID 451798 on node r23g0004 exited on signal 11 (Segmentation fault).
--------------------------------------------------------------------------
4 total processes killed (some possibly by mpirun during cleanup)
