=================================================================
=== CMI Batch & Memory Calibration Benchmark Harness          ===
=================================================================
Provider:           aix
Config:             /rwthfs/rz/cluster/hpcwork/ro092286/smartsim/batch_memory_benchmark/configs/aix.toml
Model Path:         /rwthfs/rz/cluster/hpcwork/ro092286/smartsim/batch_memory_benchmark/../mini_app/train_models/model_a/watercnn_cuda.pt
Solver Ranks:       20 (World size: 20)
Samples per Rank:   100000
Total Work/Step:    2000000 samples
Target Batch Size:  100000
SmartSim Min Batch: 0 (timeout=0 ms)
Total Steps:        12 (Warmup: 2)
=================================================================

AIxeleratorService: suffix = .pt
AIxeleratorService: suffix = .pt
AIxeleratorService: suffix = .pt
AIxeleratorService: suffix = .pt
AIxeleratorService: suffix = .pt
AIxeleratorService: suffix = .pt
AIxeleratorService: suffix = .pt
AIxeleratorService: suffix = .pt
AIxeleratorService: suffix = .pt
AIxeleratorService: suffix = .pt
AIxeleratorService: suffix = .pt
AIxeleratorService: suffix = .pt
AIxeleratorService: suffix = .pt
AIxeleratorService: suffix = .pt
AIxeleratorService: suffix = .pt
AIxeleratorService: suffix = .pt
AIxeleratorService: suffix = .pt
AIxeleratorService: suffix = .pt
AIxeleratorService: suffix = .pt
AIxeleratorService: suffix = .pt
Rank 19/20 on its local machine is 19/20
Rank 18/20 on its local machine is 18/20
Rank 0/20 on its local machine is 0/20
Rank 9/20 on its local machine is 9/20
Rank 12/20 on its local machine is 12/20
Rank 2/20 on its local machine is 2/20
Rank 6/20 on its local machine is 6/20
Rank 16/20 on its local machine is 16/20
Rank 15/20 on its local machine is 15/20
Rank 11/20 on its local machine is 11/20
Rank 14/20 on its local machine is 14/20
Rank 13/20 on its local machine is 13/20
Rank 10/20 on its local machine is 10/20
Rank 4/20 on its local machine is 4/20
Rank 1/20 on its local machine is 1/20
Rank 3/20 on its local machine is 3/20
Rank 7/20 on its local machine is 7/20
Rank 8/20 on its local machine is 8/20
Rank 5/20 on its local machine is 5/20
Rank 17/20 on its local machine is 17/20
Rank 2/20 on its local machine is 2/20 and has access to 1 devices!
Rank 3/20 on its local machine is 3/20 and has access to 1 devices!
Rank 18/20 on its local machine is 18/20 and has access to 1 devices!
Rank 7/20 on its local machine is 7/20 and has access to 1 devices!
Rank 8/20 on its local machine is 8/20 and has access to 1 devices!
Rank 0/20 on its local machine is 0/20 and has access to 1 devices!
Rank 0/20 on its local machine is 0/20 is the GPU controller!
Rank 4/20 on its local machine is 4/20 and has access to 1 devices!
Rank 16/20 on its local machine is 16/20 and has access to 1 devices!
Rank 11/20 on its local machine is 11/20 and has access to 1 devices!
Rank 14/20 on its local machine is 14/20 and has access to 1 devices!
Rank 17/20 on its local machine is 17/20 and has access to 1 devices!
Rank 19/20 on its local machine is 19/20 and has access to 1 devices!
Rank 5/20 on its local machine is 5/20 and has access to 1 devices!
Rank 12/20 on its local machine is 12/20 and has access to 1 devices!
Rank 1/20 on its local machine is 1/20 and has access to 1 devices!
Rank 6/20 on its local machine is 6/20 and has access to 1 devices!
Rank 10/20 on its local machine is 10/20 and has access to 1 devices!
Rank 15/20 on its local machine is 15/20 and has access to 1 devices!
Rank 9/20 on its local machine is 9/20 and has access to 1 devices!
Rank 13/20 on its local machine is 13/20 and has access to 1 devices!
Rank 8/20 knows that there is a total of 1 GPUs across all systems
Rank 12/20 knows that there is a total of 1 GPUs across all systems
Rank 18/20 knows that there is a total of 1 GPUs across all systems
Rank 7/20 knows that there is a total of 1 GPUs across all systems
Rank 19/20 knows that there is a total of 1 GPUs across all systems
Rank 5/20 knows that there is a total of 1 GPUs across all systems
Rank 17/20 knows that there is a total of 1 GPUs across all systems
Rank 3/20 knows that there is a total of 1 GPUs across all systems
Rank 13/20 knows that there is a total of 1 GPUs across all systems
Rank 15/20 knows that there is a total of 1 GPUs across all systems
Rank 14/20 knows that there is a total of 1 GPUs across all systems
Rank 1/20 knows that there is a total of 1 GPUs across all systems
Rank 4/20 knows that there is a total of 1 GPUs across all systems
Rank 10/20 knows that there is a total of 1 GPUs across all systems
Rank 16/20 knows that there is a total of 1 GPUs across all systems
Rank 0/20 knows that there is a total of 1 GPUs across all systems
Rank 11/20 knows that there is a total of 1 GPUs across all systems
Rank 6/20 knows that there is a total of 1 GPUs across all systems
Rank 2/20 knows that there is a total of 1 GPUs across all systems
Rank 9/20 knows that there is a total of 1 GPUs across all systems
Rank 5/20 will be in group 0 order 6
Rank 17/20 will be in group 0 order 18
Rank 3/20 will be in group 0 order 4
Rank 13/20 will be in group 0 order 14
Rank 15/20 will be in group 0 order 16
Rank 14/20 will be in group 0 order 15
Rank 1/20 will be in group 0 order 2
Rank 4/20 will be in group 0 order 5
Rank 10/20 will be in group 0 order 11
Rank 0/20 will be in group 0 order 0
Rank 2/20 will be in group 0 order 3
Rank 11/20 will be in group 0 order 12
Rank 16/20 will be in group 0 order 17
Rank 8/20 will be in group 0 order 9
Rank 6/20 will be in group 0 order 7
Rank 12/20 will be in group 0 order 13
Rank 18/20 will be in group 0 order 19
Rank 7/20 will be in group 0 order 8
Rank 19/20 will be in group 0 order 20
Rank 9/20 will be in group 0 order 10
Rank 6/20 got id of 6/20
Rank 12/20 got id of 12/20
Rank 18/20 got id of 18/20
Rank 7/20 got id of 7/20
Rank 19/20 got id of 19/20
Rank 5/20 got id of 5/20
Rank 17/20 got id of 17/20
Rank 3/20 got id of 3/20
Rank 9/20 got id of 9/20
Rank 13/20 got id of 13/20
Rank 15/20 got id of 15/20
Rank 14/20 got id of 14/20
Rank 1/20 got id of 1/20
Rank 4/20 got id of 4/20
Rank 10/20 got id of 10/20
Rank 0/20 got id of 0/20
Rank 2/20 got id of 2/20
Rank 11/20 got id of 11/20
Rank 16/20 got id of 16/20
Rank 8/20 got id of 8/20
CMI initialized successfully. Starting benchmark steps...

STEP_TIMING step=1 latency_ms=272.66 min_ms=271.26 avg_ms=271.79 total_samples=2000000 throughput_samples_sec=7335050
STEP_TIMING step=2 latency_ms=33.09 min_ms=32.14 avg_ms=32.38 total_samples=2000000 throughput_samples_sec=60436739
STEP_TIMING step=3 latency_ms=31.69 min_ms=30.64 avg_ms=30.94 total_samples=2000000 throughput_samples_sec=63111459
STEP_TIMING step=4 latency_ms=30.64 min_ms=29.54 avg_ms=29.85 total_samples=2000000 throughput_samples_sec=65267041
STEP_TIMING step=5 latency_ms=31.13 min_ms=30.03 avg_ms=30.31 total_samples=2000000 throughput_samples_sec=64247031
STEP_TIMING step=6 latency_ms=29.98 min_ms=28.87 avg_ms=29.19 total_samples=2000000 throughput_samples_sec=66702368
STEP_TIMING step=7 latency_ms=30.09 min_ms=28.97 avg_ms=29.26 total_samples=2000000 throughput_samples_sec=66477293
STEP_TIMING step=8 latency_ms=29.87 min_ms=28.75 avg_ms=29.05 total_samples=2000000 throughput_samples_sec=66953751
STEP_TIMING step=9 latency_ms=29.89 min_ms=28.77 avg_ms=29.04 total_samples=2000000 throughput_samples_sec=66902643
STEP_TIMING step=10 latency_ms=29.62 min_ms=28.51 avg_ms=28.80 total_samples=2000000 throughput_samples_sec=67511173
STEP_TIMING step=11 latency_ms=29.68 min_ms=28.57 avg_ms=28.88 total_samples=2000000 throughput_samples_sec=67395043
STEP_TIMING step=12 latency_ms=29.58 min_ms=28.48 avg_ms=28.78 total_samples=2000000 throughput_samples_sec=67603288

=================================================================
=== Benchmark Summary (Steady-State Steps 3 to 12) ===
=================================================================
Steady Step Count:   10
Median Latency:      29.98 ms
Mean Latency:        30.22 ms
Min Latency:         29.58 ms
Max Latency:         31.69 ms
Median Throughput:   66702368 samples/sec
=================================================================
