=================================================================
=== CMI Batch & Memory Calibration Benchmark Harness          ===
=================================================================
Provider:           aix
Config:             /rwthfs/rz/cluster/hpcwork/ro092286/smartsim/batch_memory_benchmark/configs/aix.toml
Model Path:         /rwthfs/rz/cluster/hpcwork/ro092286/smartsim/batch_memory_benchmark/../mini_app/train_models/model_a/watercnn_cuda.pt
Solver Ranks:       20 (World size: 20)
Samples per Rank:   100000
Total Work/Step:    2000000 samples
Target Batch Size:  500000
SmartSim Min Batch: 0 (timeout=0 ms)
Total Steps:        12 (Warmup: 2)
=================================================================

AIxeleratorService: suffix = .pt
AIxeleratorService: suffix = .pt
AIxeleratorService: suffix = .pt
AIxeleratorService: suffix = .pt
AIxeleratorService: suffix = .pt
AIxeleratorService: suffix = .pt
AIxeleratorService: suffix = .pt
AIxeleratorService: suffix = .pt
AIxeleratorService: suffix = .pt
AIxeleratorService: suffix = .pt
AIxeleratorService: suffix = .pt
AIxeleratorService: suffix = .pt
AIxeleratorService: suffix = .pt
AIxeleratorService: suffix = .pt
AIxeleratorService: suffix = .pt
AIxeleratorService: suffix = .pt
AIxeleratorService: suffix = .pt
AIxeleratorService: suffix = .pt
AIxeleratorService: suffix = .pt
AIxeleratorService: suffix = .pt
Rank 4/20 on its local machine is 4/20
Rank 6/20 on its local machine is 6/20
Rank 3/20 on its local machine is 3/20
Rank 1/20 on its local machine is 1/20
Rank 11/20 on its local machine is 11/20
Rank 16/20 on its local machine is 16/20
Rank 7/20 on its local machine is 7/20
Rank 14/20 on its local machine is 14/20
Rank 17/20 on its local machine is 17/20
Rank 13/20 on its local machine is 13/20
Rank 0/20 on its local machine is 0/20
Rank 15/20 on its local machine is 15/20
Rank 19/20 on its local machine is 19/20
Rank 9/20 on its local machine is 9/20
Rank 2/20 on its local machine is 2/20
Rank 8/20 on its local machine is 8/20
Rank 12/20 on its local machine is 12/20
Rank 5/20 on its local machine is 5/20
Rank 18/20 on its local machine is 18/20
Rank 10/20 on its local machine is 10/20
Rank 13/20 on its local machine is 13/20 and has access to 1 devices!
Rank 17/20 on its local machine is 17/20 and has access to 1 devices!
Rank 15/20 on its local machine is 15/20 and has access to 1 devices!
Rank 9/20 on its local machine is 9/20 and has access to 1 devices!
Rank 0/20 on its local machine is 0/20 and has access to 1 devices!
Rank 0/20 on its local machine is 0/20 is the GPU controller!
Rank 8/20 on its local machine is 8/20 and has access to 1 devices!
Rank 3/20 on its local machine is 3/20 and has access to 1 devices!
Rank 2/20 on its local machine is 2/20 and has access to 1 devices!
Rank 10/20 on its local machine is 10/20 and has access to 1 devices!
Rank 4/20 on its local machine is 4/20 and has access to 1 devices!
Rank 5/20 on its local machine is 5/20 and has access to 1 devices!
Rank 14/20 on its local machine is 14/20 and has access to 1 devices!
Rank 18/20 on its local machine is 18/20 and has access to 1 devices!
Rank 7/20 on its local machine is 7/20 and has access to 1 devices!
Rank 12/20 on its local machine is 12/20 and has access to 1 devices!
Rank 16/20 on its local machine is 16/20 and has access to 1 devices!
Rank 6/20 on its local machine is 6/20 and has access to 1 devices!
Rank 1/20 on its local machine is 1/20 and has access to 1 devices!
Rank 19/20 on its local machine is 19/20 and has access to 1 devices!
Rank 11/20 on its local machine is 11/20 and has access to 1 devices!
Rank 11/20 knows that there is a total of 1 GPUs across all systems
Rank 17/20 knows that there is a total of 1 GPUs across all systems
Rank 15/20 knows that there is a total of 1 GPUs across all systems
Rank 3/20 knows that there is a total of 1 GPUs across all systems
Rank 7/20 knows that there is a total of 1 GPUs across all systems
Rank 2/20 knows that there is a total of 1 GPUs across all systems
Rank 6/20 knows that there is a total of 1 GPUs across all systems
Rank 19/20 knows that there is a total of 1 GPUs across all systems
Rank 13/20 knows that there is a total of 1 GPUs across all systems
Rank 9/20 knows that there is a total of 1 GPUs across all systems
Rank 10/20 knows that there is a total of 1 GPUs across all systems
Rank 16/20 knows that there is a total of 1 GPUs across all systems
Rank 12/20 knows that there is a total of 1 GPUs across all systems
Rank 18/20 knows that there is a total of 1 GPUs across all systems
Rank 5/20 knows that there is a total of 1 GPUs across all systems
Rank 1/20 knows that there is a total of 1 GPUs across all systems
Rank 0/20 knows that there is a total of 1 GPUs across all systems
Rank 4/20 knows that there is a total of 1 GPUs across all systems
Rank 14/20 knows that there is a total of 1 GPUs across all systems
Rank 8/20 knows that there is a total of 1 GPUs across all systems
Rank 16/20 will be in group 0 order 17
Rank 12/20 will be in group 0 order 13
Rank 18/20 will be in group 0 order 19
Rank 11/20 will be in group 0 order 12
Rank 5/20 will be in group 0 order 6
Rank 1/20 will be in group 0 order 2
Rank 3/20 will be in group 0 order 4
Rank 0/20 will be in group 0 order 0
Rank 4/20 will be in group 0 order 5
Rank 7/20 will be in group 0 order 8
Rank 9/20 will be in group 0 order 10
Rank 14/20 will be in group 0 order 15
Rank 2/20 will be in group 0 order 3
Rank 6/20 will be in group 0 order 7
Rank 8/20 will be in group 0 order 9
Rank 13/20 will be in group 0 order 14
Rank 17/20 will be in group 0 order 18
Rank 15/20 will be in group 0 order 16
Rank 10/20 will be in group 0 order 11
Rank 19/20 will be in group 0 order 20
Rank 8/20 got id of 8/20
Rank 18/20 got id of 18/20
Rank 11/20 got id of 11/20
Rank 13/20 got id of 13/20
Rank 17/20 got id of 17/20
Rank 5/20 got id of 5/20
Rank 1/20 got id of 1/20
Rank 3/20 got id of 3/20
Rank 0/20 got id of 0/20
Rank 4/20 got id of 4/20
Rank 7/20 got id of 7/20
Rank 15/20 got id of 15/20
Rank 9/20 got id of 9/20
Rank 14/20 got id of 14/20
Rank 2/20 got id of 2/20
Rank 6/20 got id of 6/20
Rank 16/20 got id of 16/20
Rank 12/20 got id of 12/20
Rank 10/20 got id of 10/20
Rank 19/20 got id of 19/20
CMI initialized successfully. Starting benchmark steps...

STEP_TIMING step=1 latency_ms=269.72 min_ms=268.28 avg_ms=268.77 total_samples=2000000 throughput_samples_sec=7415152
STEP_TIMING step=2 latency_ms=33.00 min_ms=31.92 avg_ms=32.33 total_samples=2000000 throughput_samples_sec=60601780
STEP_TIMING step=3 latency_ms=31.60 min_ms=30.47 avg_ms=30.81 total_samples=2000000 throughput_samples_sec=63296359
STEP_TIMING step=4 latency_ms=30.16 min_ms=28.98 avg_ms=29.32 total_samples=2000000 throughput_samples_sec=66323636
STEP_TIMING step=5 latency_ms=30.78 min_ms=29.61 avg_ms=29.96 total_samples=2000000 throughput_samples_sec=64973450
STEP_TIMING step=6 latency_ms=29.41 min_ms=28.22 avg_ms=28.57 total_samples=2000000 throughput_samples_sec=68010946
STEP_TIMING step=7 latency_ms=29.31 min_ms=28.15 avg_ms=28.48 total_samples=2000000 throughput_samples_sec=68245990
STEP_TIMING step=8 latency_ms=29.09 min_ms=27.91 avg_ms=28.24 total_samples=2000000 throughput_samples_sec=68751721
STEP_TIMING step=9 latency_ms=29.11 min_ms=27.90 avg_ms=28.24 total_samples=2000000 throughput_samples_sec=68706583
STEP_TIMING step=10 latency_ms=28.99 min_ms=27.83 avg_ms=28.16 total_samples=2000000 throughput_samples_sec=68978328
STEP_TIMING step=11 latency_ms=29.03 min_ms=27.86 avg_ms=28.22 total_samples=2000000 throughput_samples_sec=68901306
STEP_TIMING step=12 latency_ms=28.92 min_ms=27.71 avg_ms=28.06 total_samples=2000000 throughput_samples_sec=69151284

=================================================================
=== Benchmark Summary (Steady-State Steps 3 to 12) ===
=================================================================
Steady Step Count:   10
Median Latency:      29.31 ms
Mean Latency:        29.64 ms
Min Latency:         28.92 ms
Max Latency:         31.60 ms
Median Throughput:   68245990 samples/sec
=================================================================
