=================================================================
=== CMI Batch & Memory Calibration Benchmark Harness          ===
=================================================================
Provider:           aix
Config:             /rwthfs/rz/cluster/hpcwork/ro092286/smartsim/batch_memory_benchmark/configs/aix.toml
Model Path:         /rwthfs/rz/cluster/hpcwork/ro092286/smartsim/batch_memory_benchmark/../mini_app/train_models/model_a/watercnn_cuda.pt
Solver Ranks:       20 (World size: 20)
Samples per Rank:   100000
Total Work/Step:    2000000 samples
Target Batch Size:  100000
SmartSim Min Batch: 0 (timeout=0 ms)
Total Steps:        12 (Warmup: 2)
=================================================================

AIxeleratorService: suffix = .pt
AIxeleratorService: suffix = .pt
AIxeleratorService: suffix = .pt
AIxeleratorService: suffix = .pt
AIxeleratorService: suffix = .pt
AIxeleratorService: suffix = .pt
AIxeleratorService: suffix = .pt
AIxeleratorService: suffix = .pt
AIxeleratorService: suffix = .pt
AIxeleratorService: suffix = .pt
AIxeleratorService: suffix = .pt
AIxeleratorService: suffix = .pt
AIxeleratorService: suffix = .pt
AIxeleratorService: suffix = .pt
AIxeleratorService: suffix = .pt
AIxeleratorService: suffix = .pt
AIxeleratorService: suffix = .pt
AIxeleratorService: suffix = .pt
AIxeleratorService: suffix = .pt
AIxeleratorService: suffix = .pt
Rank 19/20 on its local machine is 19/20
Rank 15/20 on its local machine is 15/20
Rank 9/20 on its local machine is 9/20
Rank 3/20 on its local machine is 3/20
Rank 5/20 on its local machine is 5/20
Rank 8/20 on its local machine is 8/20
Rank 10/20 on its local machine is 10/20
Rank 4/20 on its local machine is 4/20
Rank 18/20 on its local machine is 18/20
Rank 2/20 on its local machine is 2/20
Rank 16/20 on its local machine is 16/20
Rank 14/20 on its local machine is 14/20
Rank 7/20 on its local machine is 7/20
Rank 17/20 on its local machine is 17/20
Rank 1/20 on its local machine is 1/20
Rank 6/20 on its local machine is 6/20
Rank 11/20 on its local machine is 11/20
Rank 12/20 on its local machine is 12/20
Rank 0/20 on its local machine is 0/20
Rank 13/20 on its local machine is 13/20
Rank 18/20 on its local machine is 18/20 and has access to 1 devices!
Rank 13/20 on its local machine is 13/20 and has access to 1 devices!
Rank 8/20 on its local machine is 8/20 and has access to 1 devices!
Rank 10/20 on its local machine is 10/20 and has access to 1 devices!
Rank 17/20 on its local machine is 17/20 and has access to 1 devices!
Rank 15/20 on its local machine is 15/20 and has access to 1 devices!
Rank 3/20 on its local machine is 3/20 and has access to 1 devices!
Rank 7/20 on its local machine is 7/20 and has access to 1 devices!
Rank 1/20 on its local machine is 1/20 and has access to 1 devices!
Rank 19/20 on its local machine is 19/20 and has access to 1 devices!
Rank 9/20 on its local machine is 9/20 and has access to 1 devices!
Rank 0/20 on its local machine is 0/20 and has access to 1 devices!
Rank 0/20 on its local machine is 0/20 is the GPU controller!
Rank 4/20 on its local machine is 4/20 and has access to 1 devices!
Rank 5/20 on its local machine is 5/20 and has access to 1 devices!
Rank 6/20 on its local machine is 6/20 and has access to 1 devices!
Rank 2/20 on its local machine is 2/20 and has access to 1 devices!
Rank 12/20 on its local machine is 12/20 and has access to 1 devices!
Rank 11/20 on its local machine is 11/20 and has access to 1 devices!
Rank 14/20 on its local machine is 14/20 and has access to 1 devices!
Rank 16/20 on its local machine is 16/20 and has access to 1 devices!
Rank 9/20 knows that there is a total of 1 GPUs across all systems
Rank 15/20 knows that there is a total of 1 GPUs across all systems
Rank 1/20 knows that there is a total of 1 GPUs across all systems
Rank 17/20 knows that there is a total of 1 GPUs across all systems
Rank 19/20 knows that there is a total of 1 GPUs across all systems
Rank 3/20 knows that there is a total of 1 GPUs across all systems
Rank 10/20 knows that there is a total of 1 GPUs across all systems
Rank 7/20 knows that there is a total of 1 GPUs across all systems
Rank 5/20 knows that there is a total of 1 GPUs across all systems
Rank 12/20 knows that there is a total of 1 GPUs across all systems
Rank 2/20 knows that there is a total of 1 GPUs across all systems
Rank 16/20 knows that there is a total of 1 GPUs across all systems
Rank 4/20 knows that there is a total of 1 GPUs across all systems
Rank 13/20 knows that there is a total of 1 GPUs across all systems
Rank 8/20 knows that there is a total of 1 GPUs across all systems
Rank 0/20 knows that there is a total of 1 GPUs across all systems
Rank 18/20 knows that there is a total of 1 GPUs across all systems
Rank 6/20 knows that there is a total of 1 GPUs across all systems
Rank 14/20 knows that there is a total of 1 GPUs across all systems
Rank 11/20 knows that there is a total of 1 GPUs across all systems
Rank 7/20 will be in group 0 order 8
Rank 5/20 will be in group 0 order 6
Rank 12/20 will be in group 0 order 13
Rank 2/20 will be in group 0 order 3
Rank 9/20 will be in group 0 order 10
Rank 15/20 will be in group 0 order 16
Rank 1/20 will be in group 0 order 2
Rank 17/20 will be in group 0 order 18
Rank 11/20 will be in group 0 order 12
Rank 16/20 will be in group 0 order 17
Rank 4/20 will be in group 0 order 5
Rank 13/20 will be in group 0 order 14
Rank 8/20 will be in group 0 order 9
Rank 0/20 will be in group 0 order 0
Rank 18/20 will be in group 0 order 19
Rank 6/20 will be in group 0 order 7
Rank 14/20 will be in group 0 order 15
Rank 19/20 will be in group 0 order 20
Rank 3/20 will be in group 0 order 4
Rank 10/20 will be in group 0 order 11
Rank 18/20 got id of 18/20
Rank 6/20 got id of 6/20
Rank 14/20 got id of 14/20
Rank 19/20 got id of 19/20
Rank 3/20 got id of 3/20
Rank 17/20 got id of 17/20
Rank 7/20 got id of 7/20
Rank 5/20 got id of 5/20
Rank 12/20 got id of 12/20
Rank 2/20 got id of 2/20
Rank 9/20 got id of 9/20
Rank 15/20 got id of 15/20
Rank 1/20 got id of 1/20
Rank 10/20 got id of 10/20
Rank 11/20 got id of 11/20
Rank 16/20 got id of 16/20
Rank 4/20 got id of 4/20
Rank 13/20 got id of 13/20
Rank 8/20 got id of 8/20
Rank 0/20 got id of 0/20
CMI initialized successfully. Starting benchmark steps...

AIxeleratorService: gathering input data
AIxeleratorService: inference on device
AIxeleratorService: inference on host
AIxeleratorService: scattering output data
STEP_TIMING step=1 latency_ms=11199.29 min_ms=11190.96 avg_ms=11195.51 total_samples=2000000 throughput_samples_sec=178583
AIxeleratorService: gathering input data
AIxeleratorService: inference on device
AIxeleratorService: inference on host
AIxeleratorService: scattering output data
STEP_TIMING step=2 latency_ms=38.77 min_ms=37.87 avg_ms=38.36 total_samples=2000000 throughput_samples_sec=51591085
AIxeleratorService: gathering input data
AIxeleratorService: inference on device
AIxeleratorService: inference on host
AIxeleratorService: scattering output data
STEP_TIMING step=3 latency_ms=37.54 min_ms=36.87 avg_ms=37.23 total_samples=2000000 throughput_samples_sec=53276409
AIxeleratorService: gathering input data
AIxeleratorService: inference on device
AIxeleratorService: inference on host
AIxeleratorService: scattering output data
STEP_TIMING step=4 latency_ms=34.80 min_ms=34.16 avg_ms=34.50 total_samples=2000000 throughput_samples_sec=57470843
AIxeleratorService: gathering input data
AIxeleratorService: inference on device
AIxeleratorService: inference on host
AIxeleratorService: scattering output data
STEP_TIMING step=5 latency_ms=33.85 min_ms=33.10 avg_ms=33.53 total_samples=2000000 throughput_samples_sec=59089001
AIxeleratorService: gathering input data
AIxeleratorService: inference on device
AIxeleratorService: inference on host
AIxeleratorService: scattering output data
STEP_TIMING step=6 latency_ms=33.58 min_ms=32.95 avg_ms=33.29 total_samples=2000000 throughput_samples_sec=59563467
AIxeleratorService: gathering input data
AIxeleratorService: inference on device
AIxeleratorService: inference on host
AIxeleratorService: scattering output data
STEP_TIMING step=7 latency_ms=33.54 min_ms=32.91 avg_ms=33.25 total_samples=2000000 throughput_samples_sec=59631599
AIxeleratorService: gathering input data
AIxeleratorService: inference on device
AIxeleratorService: inference on host
AIxeleratorService: scattering output data
STEP_TIMING step=8 latency_ms=33.52 min_ms=32.90 avg_ms=33.23 total_samples=2000000 throughput_samples_sec=59667053
AIxeleratorService: gathering input data
AIxeleratorService: inference on device
AIxeleratorService: inference on host
AIxeleratorService: scattering output data
STEP_TIMING step=9 latency_ms=33.97 min_ms=33.35 avg_ms=33.68 total_samples=2000000 throughput_samples_sec=58875560
AIxeleratorService: gathering input data
AIxeleratorService: inference on device
AIxeleratorService: inference on host
AIxeleratorService: scattering output data
STEP_TIMING step=10 latency_ms=32.94 min_ms=32.32 avg_ms=32.66 total_samples=2000000 throughput_samples_sec=60711000
AIxeleratorService: gathering input data
AIxeleratorService: inference on device
AIxeleratorService: inference on host
AIxeleratorService: scattering output data
STEP_TIMING step=11 latency_ms=32.94 min_ms=32.31 avg_ms=32.64 total_samples=2000000 throughput_samples_sec=60722921
AIxeleratorService: gathering input data
AIxeleratorService: inference on device
AIxeleratorService: inference on host
AIxeleratorService: scattering output data
STEP_TIMING step=12 latency_ms=32.74 min_ms=32.12 avg_ms=32.45 total_samples=2000000 throughput_samples_sec=61080863

=================================================================
=== Benchmark Summary (Steady-State Steps 3 to 12) ===
=================================================================
Steady Step Count:   10
Median Latency:      33.58 ms
Mean Latency:        33.94 ms
Min Latency:         32.74 ms
Max Latency:         37.54 ms
Median Throughput:   59563467 samples/sec
=================================================================
