=================================================================
=== CMI Batch & Memory Calibration Benchmark Harness          ===
=================================================================
Provider:           smartsim
Config:             /rwthfs/rz/cluster/hpcwork/ro092286/smartsim/batch_memory_benchmark/configs/smartsim.toml
Model Path:         /rwthfs/rz/cluster/hpcwork/ro092286/smartsim/batch_memory_benchmark/../mini_app/train_models/model_a/watercnn_cuda.pt
Solver Ranks:       20 (World size: 20)
Samples per Rank:   100000
Total Work/Step:    2000000 samples
Target Batch Size:  100000
SmartSim Min Batch: 100000 (timeout=1000 ms)
Total Steps:        12 (Warmup: 2)
=================================================================

SmartRedis Library@19-34-03:WARNING: Environment variable SR_LOG_FILE is not set. Defaulting to stdout
SmartRedis Library@19-34-03:WARNING: Environment variable SR_LOG_LEVEL is not set. Defaulting to INFO
SmartRedis Library@19-34-03:WARNING: Environment variable SR_LOG_FILE is not set. Defaulting to stdout
SmartRedis Library@19-34-03:WARNING: Environment variable SR_LOG_LEVEL is not set. Defaulting to INFO
SmartRedis Library@19-34-03:WARNING: Environment variable SR_LOG_FILE is not set. Defaulting to stdout
SmartRedis Library@19-34-03:WARNING: Environment variable SR_LOG_LEVEL is not set. Defaulting to INFO
SmartRedis Library@19-34-03:WARNING: Environment variable SR_LOG_FILE is not set. Defaulting to stdout
SmartRedis Library@19-34-03:WARNING: Environment variable SR_LOG_LEVEL is not set. Defaulting to INFO
SmartRedis Library@19-34-03:WARNING: Environment variable SR_LOG_FILE is not set. Defaulting to stdout
SmartRedis Library@19-34-03:WARNING: Environment variable SR_LOG_LEVEL is not set. Defaulting to INFO
SmartRedis Library@19-34-03:WARNING: Environment variable SR_LOG_FILE is not set. Defaulting to stdout
SmartRedis Library@19-34-03:WARNING: Environment variable SR_LOG_LEVEL is not set. Defaulting to INFO
SmartRedis Library@19-34-03:WARNING: Environment variable SR_LOG_FILE is not set. Defaulting to stdout
SmartRedis Library@19-34-03:WARNING: Environment variable SR_LOG_LEVEL is not set. Defaulting to INFO
SmartRedis Library@19-34-03:WARNING: Environment variable SR_LOG_FILE is not set. Defaulting to stdout
SmartRedis Library@19-34-03:WARNING: Environment variable SR_LOG_LEVEL is not set. Defaulting to INFO
SmartRedis Library@19-34-03:WARNING: Environment variable SR_LOG_FILE is not set. Defaulting to stdout
SmartRedis Library@19-34-03:WARNING: Environment variable SR_LOG_LEVEL is not set. Defaulting to INFO
SmartRedis Library@19-34-03:WARNING: Environment variable SR_LOG_FILE is not set. Defaulting to stdout
SmartRedis Library@19-34-03:WARNING: Environment variable SR_LOG_LEVEL is not set. Defaulting to INFO
SmartRedis Library@19-34-03:WARNING: Environment variable SR_LOG_FILE is not set. Defaulting to stdout
SmartRedis Library@19-34-03:WARNING: Environment variable SR_LOG_LEVEL is not set. Defaulting to INFO
SmartRedis Library@19-34-03:WARNING: Environment variable SR_LOG_FILE is not set. Defaulting to stdout
SmartRedis Library@19-34-03:WARNING: Environment variable SR_LOG_LEVEL is not set. Defaulting to INFO
SmartRedis Library@19-34-03:WARNING: Environment variable SR_LOG_FILE is not set. Defaulting to stdout
SmartRedis Library@19-34-03:WARNING: Environment variable SR_LOG_LEVEL is not set. Defaulting to INFO
SmartRedis Library@19-34-03:WARNING: Environment variable SR_LOG_FILE is not set. Defaulting to stdout
SmartRedis Library@19-34-03:WARNING: Environment variable SR_LOG_LEVEL is not set. Defaulting to INFO
SmartRedis Library@19-34-03:WARNING: Environment variable SR_LOG_FILE is not set. Defaulting to stdout
SmartRedis Library@19-34-03:WARNING: Environment variable SR_LOG_LEVEL is not set. Defaulting to INFO
SmartRedis Library@19-34-03:WARNING: Environment variable SR_LOG_FILE is not set. Defaulting to stdout
SmartRedis Library@19-34-03:WARNING: Environment variable SR_LOG_LEVEL is not set. Defaulting to INFO
SmartRedis Library@19-34-03:WARNING: Environment variable SR_LOG_FILE is not set. Defaulting to stdout
SmartRedis Library@19-34-03:WARNING: Environment variable SR_LOG_LEVEL is not set. Defaulting to INFO
SmartRedis Library@19-34-03:WARNING: Environment variable SR_LOG_FILE is not set. Defaulting to stdout
SmartRedis Library@19-34-03:WARNING: Environment variable SR_LOG_FILE is not set. Defaulting to stdout
SmartRedis Library@19-34-03:WARNING: Environment variable SR_LOG_LEVEL is not set. Defaulting to INFO
SmartRedis Library@19-34-03:WARNING: Environment variable SR_LOG_FILE is not set. Defaulting to stdout
SmartRedis Library@19-34-03:WARNING: Environment variable SR_LOG_LEVEL is not set. Defaulting to INFO
SmartRedis Library@19-34-03:WARNING: Environment variable SR_LOG_LEVEL is not set. Defaulting to INFO
CMI initialized successfully. Starting benchmark steps...

[DEBUG] Write these tensors to SmartSim:
[DEBUG]   Tensor 0{dtype=Float, layout=Contiguous, ownership=External, shape=[100000, 18]}
DEBUG: put_tensor input_17_0 dims=[100000,18]
DEBUG: put_tensor input_0_0 dims=[100000,18]
[DEBUG] Input tensor names sent to SmartSim:
[DEBUG]   input_0_0
[DEBUG] Output tensor names expected from SmartSim:
[DEBUG]   output_0_0
DEBUG: put_tensor input_18_0 dims=[100000,18]
DEBUG: put_tensor input_14_0 dims=[100000,18]
DEBUG: put_tensor input_2_0 dims=[100000,18]
DEBUG: put_tensor input_15_0 dims=[100000,18]
DEBUG: put_tensor input_19_0 dims=[100000,18]
DEBUG: put_tensor input_10_0 dims=[100000,18]
DEBUG: put_tensor input_5_0 dims=[100000,18]
DEBUG: put_tensor input_9_0 dims=[100000,18]
DEBUG: put_tensor input_11_0 dims=[100000,18]
DEBUG: put_tensor input_8_0 dims=[100000,18]
DEBUG: put_tensor input_7_0 dims=[100000,18]
DEBUG: put_tensor input_16_0 dims=[100000,18]
DEBUG: put_tensor input_1_0 dims=[100000,18]
DEBUG: put_tensor input_4_0 dims=[100000,18]
DEBUG: put_tensor input_13_0 dims=[100000,18]
DEBUG: put_tensor input_12_0 dims=[100000,18]
DEBUG: put_tensor input_6_0 dims=[100000,18]
DEBUG: put_tensor input_3_0 dims=[100000,18]
[DEBUG] Retrieve these tensors from SmartSim:
[DEBUG]   Tensor 0{dtype=Float, layout=Contiguous, ownership=External, shape=[100000]}
STEP_TIMING step=1 latency_ms=2822.50 min_ms=2747.47 avg_ms=2782.54 total_samples=2000000 throughput_samples_sec=708592
[DEBUG] Write these tensors to SmartSim:
[DEBUG]   Tensor 0{dtype=Float, layout=Contiguous, ownership=External, shape=[100000, 18]}
DEBUG: put_tensor input_17_0 dims=[100000,18]
DEBUG: put_tensor input_0_0 dims=[100000,18]
[DEBUG] Input tensor names sent to SmartSim:
[DEBUG]   input_0_0
[DEBUG] Output tensor names expected from SmartSim:
[DEBUG]   output_0_0
DEBUG: put_tensor input_3_0 dims=[100000,18]
DEBUG: put_tensor input_11_0 dims=[100000,18]
DEBUG: put_tensor input_2_0 dims=[100000,18]
DEBUG: put_tensor input_13_0 dims=[100000,18]
DEBUG: put_tensor input_7_0 dims=[100000,18]
DEBUG: put_tensor input_6_0 dims=[100000,18]
DEBUG: put_tensor input_10_0 dims=[100000,18]
DEBUG: put_tensor input_15_0 dims=[100000,18]
DEBUG: put_tensor input_1_0 dims=[100000,18]
DEBUG: put_tensor input_8_0 dims=[100000,18]
DEBUG: put_tensor input_19_0 dims=[100000,18]
DEBUG: put_tensor input_18_0 dims=[100000,18]
DEBUG: put_tensor input_5_0 dims=[100000,18]
DEBUG: put_tensor input_9_0 dims=[100000,18]
DEBUG: put_tensor input_14_0 dims=[100000,18]
DEBUG: put_tensor input_4_0 dims=[100000,18]
DEBUG: put_tensor input_16_0 dims=[100000,18]
DEBUG: put_tensor input_12_0 dims=[100000,18]
[DEBUG] Retrieve these tensors from SmartSim:
[DEBUG]   Tensor 0{dtype=Float, layout=Contiguous, ownership=External, shape=[100000]}
STEP_TIMING step=2 latency_ms=135.55 min_ms=104.82 avg_ms=120.44 total_samples=2000000 throughput_samples_sec=14754209
[DEBUG] Write these tensors to SmartSim:
[DEBUG]   Tensor 0{dtype=Float, layout=Contiguous, ownership=External, shape=[100000, 18]}
DEBUG: put_tensor input_17_0 dims=[100000,18]
DEBUG: put_tensor input_18_0 dims=[100000,18]
DEBUG: put_tensor input_12_0 dims=[100000,18]
DEBUG: put_tensor input_1_0 dims=[100000,18]
DEBUG: put_tensor input_19_0 dims=[100000,18]
DEBUG: put_tensor input_11_0 dims=[100000,18]
DEBUG: put_tensor input_15_0 dims=[100000,18]
DEBUG: put_tensor input_8_0 dims=[100000,18]
DEBUG: put_tensor input_14_0 dims=[100000,18]
DEBUG: put_tensor input_13_0 dims=[100000,18]
DEBUG: put_tensor input_0_0 dims=[100000,18]
[DEBUG] Input tensor names sent to SmartSim:
[DEBUG]   input_0_0
DEBUG: put_tensor input_5_0 dims=[100000,18]
DEBUG: put_tensor input_4_0 dims=[100000,18]
DEBUG: put_tensor input_2_0 dims=[100000,18]
[DEBUG] Output tensor names expected from SmartSim:
[DEBUG]   output_0_0
DEBUG: put_tensor input_6_0 dims=[100000,18]
DEBUG: put_tensor input_3_0 dims=[100000,18]
DEBUG: put_tensor input_7_0 dims=[100000,18]
DEBUG: put_tensor input_9_0 dims=[100000,18]
DEBUG: put_tensor input_16_0 dims=[100000,18]
DEBUG: put_tensor input_10_0 dims=[100000,18]
[DEBUG] Retrieve these tensors from SmartSim:
[DEBUG]   Tensor 0{dtype=Float, layout=Contiguous, ownership=External, shape=[100000]}
STEP_TIMING step=3 latency_ms=135.78 min_ms=83.96 avg_ms=105.37 total_samples=2000000 throughput_samples_sec=14729396
[DEBUG] Write these tensors to SmartSim:
[DEBUG]   Tensor 0{dtype=Float, layout=Contiguous, ownership=External, shape=[100000, 18]}
DEBUG: put_tensor input_16_0 dims=[100000,18]
DEBUG: put_tensor input_7_0 dims=[100000,18]
DEBUG: put_tensor input_10_0 dims=[100000,18]
DEBUG: put_tensor input_6_0 dims=[100000,18]
DEBUG: put_tensor input_12_0 dims=[100000,18]
DEBUG: put_tensor input_8_0 dims=[100000,18]
DEBUG: put_tensor input_3_0 dims=[100000,18]
DEBUG: put_tensor input_18_0 dims=[100000,18]
DEBUG: put_tensor input_15_0 dims=[100000,18]
DEBUG: put_tensor input_11_0 dims=[100000,18]
DEBUG: put_tensor input_19_0 dims=[100000,18]
DEBUG: put_tensor input_17_0 dims=[100000,18]
DEBUG: put_tensor input_1_0 dims=[100000,18]
DEBUG: put_tensor input_5_0 dims=[100000,18]
DEBUG: put_tensor input_4_0 dims=[100000,18]
DEBUG: put_tensor input_9_0 dims=[100000,18]
DEBUG: put_tensor input_14_0 dims=[100000,18]
DEBUG: put_tensor input_13_0 dims=[100000,18]
DEBUG: put_tensor input_2_0 dims=[100000,18]
DEBUG: put_tensor input_0_0 dims=[100000,18]
[DEBUG] Input tensor names sent to SmartSim:
[DEBUG]   input_0_0
[DEBUG] Output tensor names expected from SmartSim:
[DEBUG]   output_0_0
[DEBUG] Retrieve these tensors from SmartSim:
[DEBUG]   Tensor 0{dtype=Float, layout=Contiguous, ownership=External, shape=[100000]}
STEP_TIMING step=4 latency_ms=109.82 min_ms=66.61 avg_ms=86.45 total_samples=2000000 throughput_samples_sec=18211737
[DEBUG] Write these tensors to SmartSim:
[DEBUG]   Tensor 0{dtype=Float, layout=Contiguous, ownership=External, shape=[100000, 18]}
DEBUG: put_tensor input_16_0 dims=[100000,18]
DEBUG: put_tensor input_6_0 dims=[100000,18]
DEBUG: put_tensor input_17_0 dims=[100000,18]
DEBUG: put_tensor input_2_0 dims=[100000,18]
DEBUG: put_tensor input_0_0 dims=[100000,18]
[DEBUG] Input tensor names sent to SmartSim:
[DEBUG]   input_0_0
[DEBUG] Output tensor names expected from SmartSim:
[DEBUG]   output_0_0
DEBUG: put_tensor input_14_0 dims=[100000,18]
DEBUG: put_tensor input_11_0 dims=[100000,18]
DEBUG: put_tensor input_13_0 dims=[100000,18]
DEBUG: put_tensor input_5_0 dims=[100000,18]
DEBUG: put_tensor input_15_0 dims=[100000,18]
DEBUG: put_tensor input_18_0 dims=[100000,18]
DEBUG: put_tensor input_12_0 dims=[100000,18]
DEBUG: put_tensor input_3_0 dims=[100000,18]
DEBUG: put_tensor input_9_0 dims=[100000,18]
DEBUG: put_tensor input_8_0 dims=[100000,18]
DEBUG: put_tensor input_7_0 dims=[100000,18]
DEBUG: put_tensor input_19_0 dims=[100000,18]
DEBUG: put_tensor input_10_0 dims=[100000,18]
DEBUG: put_tensor input_1_0 dims=[100000,18]
DEBUG: put_tensor input_4_0 dims=[100000,18]
[DEBUG] Retrieve these tensors from SmartSim:
[DEBUG]   Tensor 0{dtype=Float, layout=Contiguous, ownership=External, shape=[100000]}
STEP_TIMING step=5 latency_ms=132.75 min_ms=71.50 avg_ms=91.55 total_samples=2000000 throughput_samples_sec=15066203
[DEBUG] Write these tensors to SmartSim:
[DEBUG]   Tensor 0{dtype=Float, layout=Contiguous, ownership=External, shape=[100000, 18]}
DEBUG: put_tensor input_16_0 dims=[100000,18]
DEBUG: put_tensor input_10_0 dims=[100000,18]
DEBUG: put_tensor input_9_0 dims=[100000,18]
DEBUG: put_tensor input_14_0 dims=[100000,18]
DEBUG: put_tensor input_13_0 dims=[100000,18]
DEBUG: put_tensor input_6_0 dims=[100000,18]
DEBUG: put_tensor input_4_0 dims=[100000,18]
DEBUG: put_tensor input_8_0 dims=[100000,18]
DEBUG: put_tensor input_1_0 dims=[100000,18]
DEBUG: put_tensor input_15_0 dims=[100000,18]
DEBUG: put_tensor input_0_0 dims=[100000,18]
[DEBUG] Input tensor names sent to SmartSim:
[DEBUG]   input_0_0
[DEBUG] Output tensor names expected from SmartSim:
[DEBUG]   output_0_0
DEBUG: put_tensor input_3_0 dims=[100000,18]
DEBUG: put_tensor input_18_0 dims=[100000,18]
DEBUG: put_tensor input_7_0 dims=[100000,18]
DEBUG: put_tensor input_5_0 dims=[100000,18]
DEBUG: put_tensor input_12_0 dims=[100000,18]
DEBUG: put_tensor input_2_0 dims=[100000,18]
DEBUG: put_tensor input_19_0 dims=[100000,18]
DEBUG: put_tensor input_11_0 dims=[100000,18]
DEBUG: put_tensor input_17_0 dims=[100000,18]
[DEBUG] Retrieve these tensors from SmartSim:
[DEBUG]   Tensor 0{dtype=Float, layout=Contiguous, ownership=External, shape=[100000]}
STEP_TIMING step=6 latency_ms=98.82 min_ms=66.94 avg_ms=85.98 total_samples=2000000 throughput_samples_sec=20237854
[DEBUG] Write these tensors to SmartSim:
[DEBUG]   Tensor 0{dtype=Float, layout=Contiguous, ownership=External, shape=[100000, 18]}
DEBUG: put_tensor input_5_0 dims=[100000,18]
DEBUG: put_tensor input_16_0 dims=[100000,18]
DEBUG: put_tensor input_14_0 dims=[100000,18]
DEBUG: put_tensor input_8_0 dims=[100000,18]
DEBUG: put_tensor input_11_0 dims=[100000,18]
DEBUG: put_tensor input_1_0 dims=[100000,18]
DEBUG: put_tensor input_3_0 dims=[100000,18]
DEBUG: put_tensor input_12_0 dims=[100000,18]
DEBUG: put_tensor input_10_0 dims=[100000,18]
DEBUG: put_tensor input_6_0 dims=[100000,18]
DEBUG: put_tensor input_9_0 dims=[100000,18]
DEBUG: put_tensor input_19_0 dims=[100000,18]
DEBUG: put_tensor input_18_0 dims=[100000,18]
DEBUG: put_tensor input_2_0 dims=[100000,18]
DEBUG: put_tensor input_15_0 dims=[100000,18]
DEBUG: put_tensor input_7_0 dims=[100000,18]
DEBUG: put_tensor input_4_0 dims=[100000,18]
DEBUG: put_tensor input_13_0 dims=[100000,18]
DEBUG: put_tensor input_17_0 dims=[100000,18]
DEBUG: put_tensor input_0_0 dims=[100000,18]
[DEBUG] Input tensor names sent to SmartSim:
[DEBUG]   input_0_0
[DEBUG] Output tensor names expected from SmartSim:
[DEBUG]   output_0_0
[DEBUG] Retrieve these tensors from SmartSim:
[DEBUG]   Tensor 0{dtype=Float, layout=Contiguous, ownership=External, shape=[100000]}
STEP_TIMING step=7 latency_ms=100.39 min_ms=73.00 avg_ms=86.75 total_samples=2000000 throughput_samples_sec=19922848
[DEBUG] Write these tensors to SmartSim:
[DEBUG]   Tensor 0{dtype=Float, layout=Contiguous, ownership=External, shape=[100000, 18]}
DEBUG: put_tensor input_1_0 dims=[100000,18]
DEBUG: put_tensor input_17_0 dims=[100000,18]
DEBUG: put_tensor input_2_0 dims=[100000,18]
DEBUG: put_tensor input_13_0 dims=[100000,18]
DEBUG: put_tensor input_7_0 dims=[100000,18]
DEBUG: put_tensor input_16_0 dims=[100000,18]
DEBUG: put_tensor input_3_0 dims=[100000,18]
DEBUG: put_tensor input_6_0 dims=[100000,18]
DEBUG: put_tensor input_14_0 dims=[100000,18]
DEBUG: put_tensor input_8_0 dims=[100000,18]
DEBUG: put_tensor input_11_0 dims=[100000,18]
DEBUG: put_tensor input_12_0 dims=[100000,18]
DEBUG: put_tensor input_10_0 dims=[100000,18]
DEBUG: put_tensor input_18_0 dims=[100000,18]
DEBUG: put_tensor input_5_0 dims=[100000,18]
DEBUG: put_tensor input_0_0 dims=[100000,18]
[DEBUG] Input tensor names sent to SmartSim:
[DEBUG]   input_0_0
[DEBUG] Output tensor names expected from SmartSim:
[DEBUG]   output_0_0
DEBUG: put_tensor input_4_0 dims=[100000,18]
DEBUG: put_tensor input_9_0 dims=[100000,18]
DEBUG: put_tensor input_19_0 dims=[100000,18]
DEBUG: put_tensor input_15_0 dims=[100000,18]
[DEBUG] Retrieve these tensors from SmartSim:
[DEBUG]   Tensor 0{dtype=Float, layout=Contiguous, ownership=External, shape=[100000]}
STEP_TIMING step=8 latency_ms=99.70 min_ms=58.72 avg_ms=77.31 total_samples=2000000 throughput_samples_sec=20059229
[DEBUG] Write these tensors to SmartSim:
[DEBUG]   Tensor 0{dtype=Float, layout=Contiguous, ownership=External, shape=[100000, 18]}
DEBUG: put_tensor input_19_0 dims=[100000,18]
DEBUG: put_tensor input_13_0 dims=[100000,18]
DEBUG: put_tensor input_10_0 dims=[100000,18]
DEBUG: put_tensor input_6_0 dims=[100000,18]
DEBUG: put_tensor input_0_0 dims=[100000,18]
[DEBUG] Input tensor names sent to SmartSim:
[DEBUG]   input_0_0
[DEBUG] Output tensor names expected from SmartSim:
[DEBUG]   output_0_0
DEBUG: put_tensor input_14_0 dims=[100000,18]
DEBUG: put_tensor input_8_0 dims=[100000,18]
DEBUG: put_tensor input_2_0 dims=[100000,18]
DEBUG: put_tensor input_17_0 dims=[100000,18]
DEBUG: put_tensor input_1_0 dims=[100000,18]
DEBUG: put_tensor input_4_0 dims=[100000,18]
DEBUG: put_tensor input_16_0 dims=[100000,18]
DEBUG: put_tensor input_9_0 dims=[100000,18]
DEBUG: put_tensor input_5_0 dims=[100000,18]
DEBUG: put_tensor input_3_0 dims=[100000,18]
DEBUG: put_tensor input_7_0 dims=[100000,18]
DEBUG: put_tensor input_15_0 dims=[100000,18]
DEBUG: put_tensor input_12_0 dims=[100000,18]
DEBUG: put_tensor input_11_0 dims=[100000,18]
DEBUG: put_tensor input_18_0 dims=[100000,18]
[DEBUG] Retrieve these tensors from SmartSim:
[DEBUG]   Tensor 0{dtype=Float, layout=Contiguous, ownership=External, shape=[100000]}
STEP_TIMING step=9 latency_ms=121.66 min_ms=71.87 avg_ms=90.80 total_samples=2000000 throughput_samples_sec=16439111
[DEBUG] Write these tensors to SmartSim:
[DEBUG]   Tensor 0{dtype=Float, layout=Contiguous, ownership=External, shape=[100000, 18]}
DEBUG: put_tensor input_2_0 dims=[100000,18]
DEBUG: put_tensor input_12_0 dims=[100000,18]
DEBUG: put_tensor input_6_0 dims=[100000,18]
DEBUG: put_tensor input_10_0 dims=[100000,18]
DEBUG: put_tensor input_4_0 dims=[100000,18]
DEBUG: put_tensor input_14_0 dims=[100000,18]
DEBUG: put_tensor input_9_0 dims=[100000,18]
DEBUG: put_tensor input_7_0 dims=[100000,18]
DEBUG: put_tensor input_5_0 dims=[100000,18]
DEBUG: put_tensor input_19_0 dims=[100000,18]
DEBUG: put_tensor input_16_0 dims=[100000,18]
DEBUG: put_tensor input_11_0 dims=[100000,18]
DEBUG: put_tensor input_13_0 dims=[100000,18]
DEBUG: put_tensor input_18_0 dims=[100000,18]
DEBUG: put_tensor input_0_0 dims=[100000,18]
[DEBUG] Input tensor names sent to SmartSim:
[DEBUG]   input_0_0
[DEBUG] Output tensor names expected from SmartSim:
[DEBUG]   output_0_0
DEBUG: put_tensor input_8_0 dims=[100000,18]
DEBUG: put_tensor input_15_0 dims=[100000,18]
DEBUG: put_tensor input_3_0 dims=[100000,18]
DEBUG: put_tensor input_1_0 dims=[100000,18]
DEBUG: put_tensor input_17_0 dims=[100000,18]
[DEBUG] Retrieve these tensors from SmartSim:
[DEBUG]   Tensor 0{dtype=Float, layout=Contiguous, ownership=External, shape=[100000]}
STEP_TIMING step=10 latency_ms=97.93 min_ms=71.19 avg_ms=86.15 total_samples=2000000 throughput_samples_sec=20423640
[DEBUG] Write these tensors to SmartSim:
[DEBUG]   Tensor 0{dtype=Float, layout=Contiguous, ownership=External, shape=[100000, 18]}
DEBUG: put_tensor input_19_0 dims=[100000,18]
DEBUG: put_tensor input_5_0 dims=[100000,18]
DEBUG: put_tensor input_6_0 dims=[100000,18]
DEBUG: put_tensor input_2_0 dims=[100000,18]
DEBUG: put_tensor input_7_0 dims=[100000,18]
DEBUG: put_tensor input_14_0 dims=[100000,18]
DEBUG: put_tensor input_9_0 dims=[100000,18]
DEBUG: put_tensor input_3_0 dims=[100000,18]
DEBUG: put_tensor input_10_0 dims=[100000,18]
DEBUG: put_tensor input_17_0 dims=[100000,18]
DEBUG: put_tensor input_13_0 dims=[100000,18]
DEBUG: put_tensor input_8_0 dims=[100000,18]
DEBUG: put_tensor input_0_0 dims=[100000,18]
[DEBUG] Input tensor names sent to SmartSim:
[DEBUG]   input_0_0
[DEBUG] Output tensor names expected from SmartSim:
[DEBUG]   output_0_0
DEBUG: put_tensor input_11_0 dims=[100000,18]
DEBUG: put_tensor input_16_0 dims=[100000,18]
DEBUG: put_tensor input_15_0 dims=[100000,18]
DEBUG: put_tensor input_12_0 dims=[100000,18]
DEBUG: put_tensor input_18_0 dims=[100000,18]
DEBUG: put_tensor input_4_0 dims=[100000,18]
DEBUG: put_tensor input_1_0 dims=[100000,18]
[DEBUG] Retrieve these tensors from SmartSim:
[DEBUG]   Tensor 0{dtype=Float, layout=Contiguous, ownership=External, shape=[100000]}
STEP_TIMING step=11 latency_ms=96.25 min_ms=64.14 avg_ms=79.73 total_samples=2000000 throughput_samples_sec=20778743
[DEBUG] Write these tensors to SmartSim:
[DEBUG]   Tensor 0{dtype=Float, layout=Contiguous, ownership=External, shape=[100000, 18]}
DEBUG: put_tensor input_9_0 dims=[100000,18]
DEBUG: put_tensor input_19_0 dims=[100000,18]
DEBUG: put_tensor input_5_0 dims=[100000,18]
DEBUG: put_tensor input_17_0 dims=[100000,18]
DEBUG: put_tensor input_14_0 dims=[100000,18]
DEBUG: put_tensor input_3_0 dims=[100000,18]
DEBUG: put_tensor input_0_0 dims=[100000,18]
[DEBUG] Input tensor names sent to SmartSim:
[DEBUG]   input_0_0
[DEBUG] Output tensor names expected from SmartSim:
[DEBUG]   output_0_0
DEBUG: put_tensor input_11_0 dims=[100000,18]
DEBUG: put_tensor input_7_0 dims=[100000,18]
DEBUG: put_tensor input_13_0 dims=[100000,18]
DEBUG: put_tensor input_6_0 dims=[100000,18]
DEBUG: put_tensor input_8_0 dims=[100000,18]
DEBUG: put_tensor input_16_0 dims=[100000,18]
DEBUG: put_tensor input_12_0 dims=[100000,18]
DEBUG: put_tensor input_10_0 dims=[100000,18]
DEBUG: put_tensor input_4_0 dims=[100000,18]
DEBUG: put_tensor input_15_0 dims=[100000,18]
DEBUG: put_tensor input_2_0 dims=[100000,18]
DEBUG: put_tensor input_1_0 dims=[100000,18]
DEBUG: put_tensor input_18_0 dims=[100000,18]
[DEBUG] Retrieve these tensors from SmartSim:
[DEBUG]   Tensor 0{dtype=Float, layout=Contiguous, ownership=External, shape=[100000]}
STEP_TIMING step=12 latency_ms=96.87 min_ms=73.03 avg_ms=84.63 total_samples=2000000 throughput_samples_sec=20645610

=================================================================
=== Benchmark Summary (Steady-State Steps 3 to 12) ===
=================================================================
Steady Step Count:   10
Median Latency:      100.39 ms
Mean Latency:        109.00 ms
Min Latency:         96.25 ms
Max Latency:         135.78 ms
Median Throughput:   19922848 samples/sec
=================================================================
